../Core/Src/main.c:81:5:main	48	static
../Core/Src/main.c:150:6:SystemClock_Config	96	static
../Core/Src/main.c:200:13:MX_ADC1_Init	32	static
../Core/Src/main.c:258:13:MX_DAC1_Init	48	static
../Core/Src/main.c:302:13:MX_I2C1_Init	8	static
../Core/Src/main.c:350:13:MX_LPUART1_UART_Init	8	static
../Core/Src/main.c:401:13:MX_SPI1_Init	8	static
../Core/Src/main.c:441:13:MX_TIM3_Init	64	static
../Core/Src/main.c:499:13:MX_GPIO_Init	56	static
../Core/Src/main.c:570:6:Error_Handler	4	static,ignoring_inline_asm
