18:27:59 **** Incremental Build of configuration Debug for project EuropaOS ****
make -j8 all 
arm-none-eabi-gcc "../Core/Src/VASensors.c" -mcpu=cortex-m4 -std=gnu11 -g3 -DDEBUG -DUSE_HAL_DRIVER -DSTM32L4R5xx -c -I../Core/Inc -I../Drivers/STM32L4xx_HAL_Driver/Inc -I../Drivers/STM32L4xx_HAL_Driver/Inc/Legacy -I../Drivers/CMSIS/Device/ST/STM32L4xx/Include -I../Drivers/CMSIS/Include -O0 -ffunction-sections -fdata-sections -Wall -fstack-usage -MMD -MP -MF"Core/Src/VASensors.d" -MT"Core/Src/VASensors.o" --specs=nano.specs -mfpu=fpv4-sp-d16 -mfloat-abi=hard -mthumb -o "Core/Src/VASensors.o"
../Core/Src/VASensors.c: In function 'start_va_sensors':
../Core/Src/VASensors.c:16:11: warning: unused variable 'vernier_values' [-Wunused-variable]
   16 |  uint32_t vernier_values[3];
      |           ^~~~~~~~~~~~~~
arm-none-eabi-gcc -o "EuropaOS.elf" @"objects.list"   -mcpu=cortex-m4 -T"C:\Users\liams\Documents\MSD\Code-Repo\MSD-EuropaExplore\EuropaOS\STM32L4R5ZITX_FLASH.ld" --specs=nosys.specs -Wl,-Map="EuropaOS.map" -Wl,--gc-sections -static --specs=nano.specs -mfpu=fpv4-sp-d16 -mfloat-abi=hard -mthumb -Wl,--start-group -lc -lm -Wl,--end-group
Finished building target: EuropaOS.elf
 
arm-none-eabi-size   EuropaOS.elf 
arm-none-eabi-objdump -h -S  EuropaOS.elf  > "EuropaOS.list"
   text	   data	    bss	    dec	    hex	filename
  28392	    120	   2008	  30520	   7738	EuropaOS.elf
Finished building: default.size.stdout
 
Finished building: EuropaOS.list
 

18:28:00 Build Finished. 0 errors, 1 warnings. (took 918ms)

