14:42:03 **** Build of configuration Debug for project EuropaOS ****
make -j8 all 
arm-none-eabi-gcc "../Drivers/STM32L4xx_HAL_Driver/Src/stm32l4xx_hal.c" -mcpu=cortex-m4 -std=gnu11 -g3 -DDEBUG -DUSE_HAL_DRIVER -DSTM32L4R5xx -c -I../Core/Inc -I../Drivers/STM32L4xx_HAL_Driver/Inc -I../Drivers/STM32L4xx_HAL_Driver/Inc/Legacy -I../Drivers/CMSIS/Device/ST/STM32L4xx/Include -I../Drivers/CMSIS/Include -O0 -ffunction-sections -fdata-sections -Wall -fstack-usage -MMD -MP -MF"Drivers/STM32L4xx_HAL_Driver/Src/stm32l4xx_hal.d" -MT"Drivers/STM32L4xx_HAL_Driver/Src/stm32l4xx_hal.o" --specs=nano.specs -mfpu=fpv4-sp-d16 -mfloat-abi=hard -mthumb -o "Drivers/STM32L4xx_HAL_Driver/Src/stm32l4xx_hal.o"
arm-none-eabi-gcc "../Drivers/STM32L4xx_HAL_Driver/Src/stm32l4xx_hal_adc.c" -mcpu=cortex-m4 -std=gnu11 -g3 -DDEBUG -DUSE_HAL_DRIVER -DSTM32L4R5xx -c -I../Core/Inc -I../Drivers/STM32L4xx_HAL_Driver/Inc -I../Drivers/STM32L4xx_HAL_Driver/Inc/Legacy -I../Drivers/CMSIS/Device/ST/STM32L4xx/Include -I../Drivers/CMSIS/Include -O0 -ffunction-sections -fdata-sections -Wall -fstack-usage -MMD -MP -MF"Drivers/STM32L4xx_HAL_Driver/Src/stm32l4xx_hal_adc.d" -MT"Drivers/STM32L4xx_HAL_Driver/Src/stm32l4xx_hal_adc.o" --specs=nano.specs -mfpu=fpv4-sp-d16 -mfloat-abi=hard -mthumb -o "Drivers/STM32L4xx_HAL_Driver/Src/stm32l4xx_hal_adc.o"
arm-none-eabi-gcc "../Drivers/STM32L4xx_HAL_Driver/Src/stm32l4xx_hal_adc_ex.c" -mcpu=cortex-m4 -std=gnu11 -g3 -DDEBUG -DUSE_HAL_DRIVER -DSTM32L4R5xx -c -I../Core/Inc -I../Drivers/STM32L4xx_HAL_Driver/Inc -I../Drivers/STM32L4xx_HAL_Driver/Inc/Legacy -I../Drivers/CMSIS/Device/ST/STM32L4xx/Include -I../Drivers/CMSIS/Include -O0 -ffunction-sections -fdata-sections -Wall -fstack-usage -MMD -MP -MF"Drivers/STM32L4xx_HAL_Driver/Src/stm32l4xx_hal_adc_ex.d" -MT"Drivers/STM32L4xx_HAL_Driver/Src/stm32l4xx_hal_adc_ex.o" --specs=nano.specs -mfpu=fpv4-sp-d16 -mfloat-abi=hard -mthumb -o "Drivers/STM32L4xx_HAL_Driver/Src/stm32l4xx_hal_adc_ex.o"
arm-none-eabi-gcc "../Drivers/STM32L4xx_HAL_Driver/Src/stm32l4xx_hal_cortex.c" -mcpu=cortex-m4 -std=gnu11 -g3 -DDEBUG -DUSE_HAL_DRIVER -DSTM32L4R5xx -c -I../Core/Inc -I../Drivers/STM32L4xx_HAL_Driver/Inc -I../Drivers/STM32L4xx_HAL_Driver/Inc/Legacy -I../Drivers/CMSIS/Device/ST/STM32L4xx/Include -I../Drivers/CMSIS/Include -O0 -ffunction-sections -fdata-sections -Wall -fstack-usage -MMD -MP -MF"Drivers/STM32L4xx_HAL_Driver/Src/stm32l4xx_hal_cortex.d" -MT"Drivers/STM32L4xx_HAL_Driver/Src/stm32l4xx_hal_cortex.o" --specs=nano.specs -mfpu=fpv4-sp-d16 -mfloat-abi=hard -mthumb -o "Drivers/STM32L4xx_HAL_Driver/Src/stm32l4xx_hal_cortex.o"
arm-none-eabi-gcc "../Drivers/STM32L4xx_HAL_Driver/Src/stm32l4xx_hal_dma.c" -mcpu=cortex-m4 -std=gnu11 -g3 -DDEBUG -DUSE_HAL_DRIVER -DSTM32L4R5xx -c -I../Core/Inc -I../Drivers/STM32L4xx_HAL_Driver/Inc -I../Drivers/STM32L4xx_HAL_Driver/Inc/Legacy -I../Drivers/CMSIS/Device/ST/STM32L4xx/Include -I../Drivers/CMSIS/Include -O0 -ffunction-sections -fdata-sections -Wall -fstack-usage -MMD -MP -MF"Drivers/STM32L4xx_HAL_Driver/Src/stm32l4xx_hal_dma.d" -MT"Drivers/STM32L4xx_HAL_Driver/Src/stm32l4xx_hal_dma.o" --specs=nano.specs -mfpu=fpv4-sp-d16 -mfloat-abi=hard -mthumb -o "Drivers/STM32L4xx_HAL_Driver/Src/stm32l4xx_hal_dma.o"
arm-none-eabi-gcc "../Drivers/STM32L4xx_HAL_Driver/Src/stm32l4xx_hal_dma_ex.c" -mcpu=cortex-m4 -std=gnu11 -g3 -DDEBUG -DUSE_HAL_DRIVER -DSTM32L4R5xx -c -I../Core/Inc -I../Drivers/STM32L4xx_HAL_Driver/Inc -I../Drivers/STM32L4xx_HAL_Driver/Inc/Legacy -I../Drivers/CMSIS/Device/ST/STM32L4xx/Include -I../Drivers/CMSIS/Include -O0 -ffunction-sections -fdata-sections -Wall -fstack-usage -MMD -MP -MF"Drivers/STM32L4xx_HAL_Driver/Src/stm32l4xx_hal_dma_ex.d" -MT"Drivers/STM32L4xx_HAL_Driver/Src/stm32l4xx_hal_dma_ex.o" --specs=nano.specs -mfpu=fpv4-sp-d16 -mfloat-abi=hard -mthumb -o "Drivers/STM32L4xx_HAL_Driver/Src/stm32l4xx_hal_dma_ex.o"
arm-none-eabi-gcc "../Drivers/STM32L4xx_HAL_Driver/Src/stm32l4xx_hal_exti.c" -mcpu=cortex-m4 -std=gnu11 -g3 -DDEBUG -DUSE_HAL_DRIVER -DSTM32L4R5xx -c -I../Core/Inc -I../Drivers/STM32L4xx_HAL_Driver/Inc -I../Drivers/STM32L4xx_HAL_Driver/Inc/Legacy -I../Drivers/CMSIS/Device/ST/STM32L4xx/Include -I../Drivers/CMSIS/Include -O0 -ffunction-sections -fdata-sections -Wall -fstack-usage -MMD -MP -MF"Drivers/STM32L4xx_HAL_Driver/Src/stm32l4xx_hal_exti.d" -MT"Drivers/STM32L4xx_HAL_Driver/Src/stm32l4xx_hal_exti.o" --specs=nano.specs -mfpu=fpv4-sp-d16 -mfloat-abi=hard -mthumb -o "Drivers/STM32L4xx_HAL_Driver/Src/stm32l4xx_hal_exti.o"
arm-none-eabi-gcc "../Drivers/STM32L4xx_HAL_Driver/Src/stm32l4xx_hal_flash.c" -mcpu=cortex-m4 -std=gnu11 -g3 -DDEBUG -DUSE_HAL_DRIVER -DSTM32L4R5xx -c -I../Core/Inc -I../Drivers/STM32L4xx_HAL_Driver/Inc -I../Drivers/STM32L4xx_HAL_Driver/Inc/Legacy -I../Drivers/CMSIS/Device/ST/STM32L4xx/Include -I../Drivers/CMSIS/Include -O0 -ffunction-sections -fdata-sections -Wall -fstack-usage -MMD -MP -MF"Drivers/STM32L4xx_HAL_Driver/Src/stm32l4xx_hal_flash.d" -MT"Drivers/STM32L4xx_HAL_Driver/Src/stm32l4xx_hal_flash.o" --specs=nano.specs -mfpu=fpv4-sp-d16 -mfloat-abi=hard -mthumb -o "Drivers/STM32L4xx_HAL_Driver/Src/stm32l4xx_hal_flash.o"
arm-none-eabi-gcc "../Drivers/STM32L4xx_HAL_Driver/Src/stm32l4xx_hal_flash_ex.c" -mcpu=cortex-m4 -std=gnu11 -g3 -DDEBUG -DUSE_HAL_DRIVER -DSTM32L4R5xx -c -I../Core/Inc -I../Drivers/STM32L4xx_HAL_Driver/Inc -I../Drivers/STM32L4xx_HAL_Driver/Inc/Legacy -I../Drivers/CMSIS/Device/ST/STM32L4xx/Include -I../Drivers/CMSIS/Include -O0 -ffunction-sections -fdata-sections -Wall -fstack-usage -MMD -MP -MF"Drivers/STM32L4xx_HAL_Driver/Src/stm32l4xx_hal_flash_ex.d" -MT"Drivers/STM32L4xx_HAL_Driver/Src/stm32l4xx_hal_flash_ex.o" --specs=nano.specs -mfpu=fpv4-sp-d16 -mfloat-abi=hard -mthumb -o "Drivers/STM32L4xx_HAL_Driver/Src/stm32l4xx_hal_flash_ex.o"
arm-none-eabi-gcc "../Drivers/STM32L4xx_HAL_Driver/Src/stm32l4xx_hal_flash_ramfunc.c" -mcpu=cortex-m4 -std=gnu11 -g3 -DDEBUG -DUSE_HAL_DRIVER -DSTM32L4R5xx -c -I../Core/Inc -I../Drivers/STM32L4xx_HAL_Driver/Inc -I../Drivers/STM32L4xx_HAL_Driver/Inc/Legacy -I../Drivers/CMSIS/Device/ST/STM32L4xx/Include -I../Drivers/CMSIS/Include -O0 -ffunction-sections -fdata-sections -Wall -fstack-usage -MMD -MP -MF"Drivers/STM32L4xx_HAL_Driver/Src/stm32l4xx_hal_flash_ramfunc.d" -MT"Drivers/STM32L4xx_HAL_Driver/Src/stm32l4xx_hal_flash_ramfunc.o" --specs=nano.specs -mfpu=fpv4-sp-d16 -mfloat-abi=hard -mthumb -o "Drivers/STM32L4xx_HAL_Driver/Src/stm32l4xx_hal_flash_ramfunc.o"
arm-none-eabi-gcc "../Drivers/STM32L4xx_HAL_Driver/Src/stm32l4xx_hal_gpio.c" -mcpu=cortex-m4 -std=gnu11 -g3 -DDEBUG -DUSE_HAL_DRIVER -DSTM32L4R5xx -c -I../Core/Inc -I../Drivers/STM32L4xx_HAL_Driver/Inc -I../Drivers/STM32L4xx_HAL_Driver/Inc/Legacy -I../Drivers/CMSIS/Device/ST/STM32L4xx/Include -I../Drivers/CMSIS/Include -O0 -ffunction-sections -fdata-sections -Wall -fstack-usage -MMD -MP -MF"Drivers/STM32L4xx_HAL_Driver/Src/stm32l4xx_hal_gpio.d" -MT"Drivers/STM32L4xx_HAL_Driver/Src/stm32l4xx_hal_gpio.o" --specs=nano.specs -mfpu=fpv4-sp-d16 -mfloat-abi=hard -mthumb -o "Drivers/STM32L4xx_HAL_Driver/Src/stm32l4xx_hal_gpio.o"
arm-none-eabi-gcc "../Drivers/STM32L4xx_HAL_Driver/Src/stm32l4xx_hal_i2c.c" -mcpu=cortex-m4 -std=gnu11 -g3 -DDEBUG -DUSE_HAL_DRIVER -DSTM32L4R5xx -c -I../Core/Inc -I../Drivers/STM32L4xx_HAL_Driver/Inc -I../Drivers/STM32L4xx_HAL_Driver/Inc/Legacy -I../Drivers/CMSIS/Device/ST/STM32L4xx/Include -I../Drivers/CMSIS/Include -O0 -ffunction-sections -fdata-sections -Wall -fstack-usage -MMD -MP -MF"Drivers/STM32L4xx_HAL_Driver/Src/stm32l4xx_hal_i2c.d" -MT"Drivers/STM32L4xx_HAL_Driver/Src/stm32l4xx_hal_i2c.o" --specs=nano.specs -mfpu=fpv4-sp-d16 -mfloat-abi=hard -mthumb -o "Drivers/STM32L4xx_HAL_Driver/Src/stm32l4xx_hal_i2c.o"
arm-none-eabi-gcc "../Drivers/STM32L4xx_HAL_Driver/Src/stm32l4xx_hal_i2c_ex.c" -mcpu=cortex-m4 -std=gnu11 -g3 -DDEBUG -DUSE_HAL_DRIVER -DSTM32L4R5xx -c -I../Core/Inc -I../Drivers/STM32L4xx_HAL_Driver/Inc -I../Drivers/STM32L4xx_HAL_Driver/Inc/Legacy -I../Drivers/CMSIS/Device/ST/STM32L4xx/Include -I../Drivers/CMSIS/Include -O0 -ffunction-sections -fdata-sections -Wall -fstack-usage -MMD -MP -MF"Drivers/STM32L4xx_HAL_Driver/Src/stm32l4xx_hal_i2c_ex.d" -MT"Drivers/STM32L4xx_HAL_Driver/Src/stm32l4xx_hal_i2c_ex.o" --specs=nano.specs -mfpu=fpv4-sp-d16 -mfloat-abi=hard -mthumb -o "Drivers/STM32L4xx_HAL_Driver/Src/stm32l4xx_hal_i2c_ex.o"
arm-none-eabi-gcc "../Drivers/STM32L4xx_HAL_Driver/Src/stm32l4xx_hal_pcd.c" -mcpu=cortex-m4 -std=gnu11 -g3 -DDEBUG -DUSE_HAL_DRIVER -DSTM32L4R5xx -c -I../Core/Inc -I../Drivers/STM32L4xx_HAL_Driver/Inc -I../Drivers/STM32L4xx_HAL_Driver/Inc/Legacy -I../Drivers/CMSIS/Device/ST/STM32L4xx/Include -I../Drivers/CMSIS/Include -O0 -ffunction-sections -fdata-sections -Wall -fstack-usage -MMD -MP -MF"Drivers/STM32L4xx_HAL_Driver/Src/stm32l4xx_hal_pcd.d" -MT"Drivers/STM32L4xx_HAL_Driver/Src/stm32l4xx_hal_pcd.o" --specs=nano.specs -mfpu=fpv4-sp-d16 -mfloat-abi=hard -mthumb -o "Drivers/STM32L4xx_HAL_Driver/Src/stm32l4xx_hal_pcd.o"
arm-none-eabi-gcc "../Drivers/STM32L4xx_HAL_Driver/Src/stm32l4xx_hal_pcd_ex.c" -mcpu=cortex-m4 -std=gnu11 -g3 -DDEBUG -DUSE_HAL_DRIVER -DSTM32L4R5xx -c -I../Core/Inc -I../Drivers/STM32L4xx_HAL_Driver/Inc -I../Drivers/STM32L4xx_HAL_Driver/Inc/Legacy -I../Drivers/CMSIS/Device/ST/STM32L4xx/Include -I../Drivers/CMSIS/Include -O0 -ffunction-sections -fdata-sections -Wall -fstack-usage -MMD -MP -MF"Drivers/STM32L4xx_HAL_Driver/Src/stm32l4xx_hal_pcd_ex.d" -MT"Drivers/STM32L4xx_HAL_Driver/Src/stm32l4xx_hal_pcd_ex.o" --specs=nano.specs -mfpu=fpv4-sp-d16 -mfloat-abi=hard -mthumb -o "Drivers/STM32L4xx_HAL_Driver/Src/stm32l4xx_hal_pcd_ex.o"
arm-none-eabi-gcc "../Drivers/STM32L4xx_HAL_Driver/Src/stm32l4xx_hal_pwr.c" -mcpu=cortex-m4 -std=gnu11 -g3 -DDEBUG -DUSE_HAL_DRIVER -DSTM32L4R5xx -c -I../Core/Inc -I../Drivers/STM32L4xx_HAL_Driver/Inc -I../Drivers/STM32L4xx_HAL_Driver/Inc/Legacy -I../Drivers/CMSIS/Device/ST/STM32L4xx/Include -I../Drivers/CMSIS/Include -O0 -ffunction-sections -fdata-sections -Wall -fstack-usage -MMD -MP -MF"Drivers/STM32L4xx_HAL_Driver/Src/stm32l4xx_hal_pwr.d" -MT"Drivers/STM32L4xx_HAL_Driver/Src/stm32l4xx_hal_pwr.o" --specs=nano.specs -mfpu=fpv4-sp-d16 -mfloat-abi=hard -mthumb -o "Drivers/STM32L4xx_HAL_Driver/Src/stm32l4xx_hal_pwr.o"
arm-none-eabi-gcc "../Drivers/STM32L4xx_HAL_Driver/Src/stm32l4xx_hal_pwr_ex.c" -mcpu=cortex-m4 -std=gnu11 -g3 -DDEBUG -DUSE_HAL_DRIVER -DSTM32L4R5xx -c -I../Core/Inc -I../Drivers/STM32L4xx_HAL_Driver/Inc -I../Drivers/STM32L4xx_HAL_Driver/Inc/Legacy -I../Drivers/CMSIS/Device/ST/STM32L4xx/Include -I../Drivers/CMSIS/Include -O0 -ffunction-sections -fdata-sections -Wall -fstack-usage -MMD -MP -MF"Drivers/STM32L4xx_HAL_Driver/Src/stm32l4xx_hal_pwr_ex.d" -MT"Drivers/STM32L4xx_HAL_Driver/Src/stm32l4xx_hal_pwr_ex.o" --specs=nano.specs -mfpu=fpv4-sp-d16 -mfloat-abi=hard -mthumb -o "Drivers/STM32L4xx_HAL_Driver/Src/stm32l4xx_hal_pwr_ex.o"
arm-none-eabi-gcc "../Drivers/STM32L4xx_HAL_Driver/Src/stm32l4xx_hal_rcc.c" -mcpu=cortex-m4 -std=gnu11 -g3 -DDEBUG -DUSE_HAL_DRIVER -DSTM32L4R5xx -c -I../Core/Inc -I../Drivers/STM32L4xx_HAL_Driver/Inc -I../Drivers/STM32L4xx_HAL_Driver/Inc/Legacy -I../Drivers/CMSIS/Device/ST/STM32L4xx/Include -I../Drivers/CMSIS/Include -O0 -ffunction-sections -fdata-sections -Wall -fstack-usage -MMD -MP -MF"Drivers/STM32L4xx_HAL_Driver/Src/stm32l4xx_hal_rcc.d" -MT"Drivers/STM32L4xx_HAL_Driver/Src/stm32l4xx_hal_rcc.o" --specs=nano.specs -mfpu=fpv4-sp-d16 -mfloat-abi=hard -mthumb -o "Drivers/STM32L4xx_HAL_Driver/Src/stm32l4xx_hal_rcc.o"
arm-none-eabi-gcc "../Drivers/STM32L4xx_HAL_Driver/Src/stm32l4xx_hal_rcc_ex.c" -mcpu=cortex-m4 -std=gnu11 -g3 -DDEBUG -DUSE_HAL_DRIVER -DSTM32L4R5xx -c -I../Core/Inc -I../Drivers/STM32L4xx_HAL_Driver/Inc -I../Drivers/STM32L4xx_HAL_Driver/Inc/Legacy -I../Drivers/CMSIS/Device/ST/STM32L4xx/Include -I../Drivers/CMSIS/Include -O0 -ffunction-sections -fdata-sections -Wall -fstack-usage -MMD -MP -MF"Drivers/STM32L4xx_HAL_Driver/Src/stm32l4xx_hal_rcc_ex.d" -MT"Drivers/STM32L4xx_HAL_Driver/Src/stm32l4xx_hal_rcc_ex.o" --specs=nano.specs -mfpu=fpv4-sp-d16 -mfloat-abi=hard -mthumb -o "Drivers/STM32L4xx_HAL_Driver/Src/stm32l4xx_hal_rcc_ex.o"
arm-none-eabi-gcc "../Drivers/STM32L4xx_HAL_Driver/Src/stm32l4xx_hal_tim.c" -mcpu=cortex-m4 -std=gnu11 -g3 -DDEBUG -DUSE_HAL_DRIVER -DSTM32L4R5xx -c -I../Core/Inc -I../Drivers/STM32L4xx_HAL_Driver/Inc -I../Drivers/STM32L4xx_HAL_Driver/Inc/Legacy -I../Drivers/CMSIS/Device/ST/STM32L4xx/Include -I../Drivers/CMSIS/Include -O0 -ffunction-sections -fdata-sections -Wall -fstack-usage -MMD -MP -MF"Drivers/STM32L4xx_HAL_Driver/Src/stm32l4xx_hal_tim.d" -MT"Drivers/STM32L4xx_HAL_Driver/Src/stm32l4xx_hal_tim.o" --specs=nano.specs -mfpu=fpv4-sp-d16 -mfloat-abi=hard -mthumb -o "Drivers/STM32L4xx_HAL_Driver/Src/stm32l4xx_hal_tim.o"
arm-none-eabi-gcc "../Drivers/STM32L4xx_HAL_Driver/Src/stm32l4xx_hal_tim_ex.c" -mcpu=cortex-m4 -std=gnu11 -g3 -DDEBUG -DUSE_HAL_DRIVER -DSTM32L4R5xx -c -I../Core/Inc -I../Drivers/STM32L4xx_HAL_Driver/Inc -I../Drivers/STM32L4xx_HAL_Driver/Inc/Legacy -I../Drivers/CMSIS/Device/ST/STM32L4xx/Include -I../Drivers/CMSIS/Include -O0 -ffunction-sections -fdata-sections -Wall -fstack-usage -MMD -MP -MF"Drivers/STM32L4xx_HAL_Driver/Src/stm32l4xx_hal_tim_ex.d" -MT"Drivers/STM32L4xx_HAL_Driver/Src/stm32l4xx_hal_tim_ex.o" --specs=nano.specs -mfpu=fpv4-sp-d16 -mfloat-abi=hard -mthumb -o "Drivers/STM32L4xx_HAL_Driver/Src/stm32l4xx_hal_tim_ex.o"
arm-none-eabi-gcc "../Drivers/STM32L4xx_HAL_Driver/Src/stm32l4xx_hal_uart.c" -mcpu=cortex-m4 -std=gnu11 -g3 -DDEBUG -DUSE_HAL_DRIVER -DSTM32L4R5xx -c -I../Core/Inc -I../Drivers/STM32L4xx_HAL_Driver/Inc -I../Drivers/STM32L4xx_HAL_Driver/Inc/Legacy -I../Drivers/CMSIS/Device/ST/STM32L4xx/Include -I../Drivers/CMSIS/Include -O0 -ffunction-sections -fdata-sections -Wall -fstack-usage -MMD -MP -MF"Drivers/STM32L4xx_HAL_Driver/Src/stm32l4xx_hal_uart.d" -MT"Drivers/STM32L4xx_HAL_Driver/Src/stm32l4xx_hal_uart.o" --specs=nano.specs -mfpu=fpv4-sp-d16 -mfloat-abi=hard -mthumb -o "Drivers/STM32L4xx_HAL_Driver/Src/stm32l4xx_hal_uart.o"
arm-none-eabi-gcc "../Drivers/STM32L4xx_HAL_Driver/Src/stm32l4xx_hal_uart_ex.c" -mcpu=cortex-m4 -std=gnu11 -g3 -DDEBUG -DUSE_HAL_DRIVER -DSTM32L4R5xx -c -I../Core/Inc -I../Drivers/STM32L4xx_HAL_Driver/Inc -I../Drivers/STM32L4xx_HAL_Driver/Inc/Legacy -I../Drivers/CMSIS/Device/ST/STM32L4xx/Include -I../Drivers/CMSIS/Include -O0 -ffunction-sections -fdata-sections -Wall -fstack-usage -MMD -MP -MF"Drivers/STM32L4xx_HAL_Driver/Src/stm32l4xx_hal_uart_ex.d" -MT"Drivers/STM32L4xx_HAL_Driver/Src/stm32l4xx_hal_uart_ex.o" --specs=nano.specs -mfpu=fpv4-sp-d16 -mfloat-abi=hard -mthumb -o "Drivers/STM32L4xx_HAL_Driver/Src/stm32l4xx_hal_uart_ex.o"
arm-none-eabi-gcc "../Drivers/STM32L4xx_HAL_Driver/Src/stm32l4xx_ll_usb.c" -mcpu=cortex-m4 -std=gnu11 -g3 -DDEBUG -DUSE_HAL_DRIVER -DSTM32L4R5xx -c -I../Core/Inc -I../Drivers/STM32L4xx_HAL_Driver/Inc -I../Drivers/STM32L4xx_HAL_Driver/Inc/Legacy -I../Drivers/CMSIS/Device/ST/STM32L4xx/Include -I../Drivers/CMSIS/Include -O0 -ffunction-sections -fdata-sections -Wall -fstack-usage -MMD -MP -MF"Drivers/STM32L4xx_HAL_Driver/Src/stm32l4xx_ll_usb.d" -MT"Drivers/STM32L4xx_HAL_Driver/Src/stm32l4xx_ll_usb.o" --specs=nano.specs -mfpu=fpv4-sp-d16 -mfloat-abi=hard -mthumb -o "Drivers/STM32L4xx_HAL_Driver/Src/stm32l4xx_ll_usb.o"
arm-none-eabi-gcc -mcpu=cortex-m4 -g3 -DDEBUG -c -x assembler-with-cpp -MMD -MP -MF"Core/Startup/startup_stm32l4r5zitx.d" -MT"Core/Startup/startup_stm32l4r5zitx.o" --specs=nano.specs -mfpu=fpv4-sp-d16 -mfloat-abi=hard -mthumb -o "Core/Startup/startup_stm32l4r5zitx.o" "../Core/Startup/startup_stm32l4r5zitx.s"
arm-none-eabi-gcc "../Core/Src/VASensors.c" -mcpu=cortex-m4 -std=gnu11 -g3 -DDEBUG -DUSE_HAL_DRIVER -DSTM32L4R5xx -c -I../Core/Inc -I../Drivers/STM32L4xx_HAL_Driver/Inc -I../Drivers/STM32L4xx_HAL_Driver/Inc/Legacy -I../Drivers/CMSIS/Device/ST/STM32L4xx/Include -I../Drivers/CMSIS/Include -O0 -ffunction-sections -fdata-sections -Wall -fstack-usage -MMD -MP -MF"Core/Src/VASensors.d" -MT"Core/Src/VASensors.o" --specs=nano.specs -mfpu=fpv4-sp-d16 -mfloat-abi=hard -mthumb -o "Core/Src/VASensors.o"
arm-none-eabi-gcc "../Core/Src/main.c" -mcpu=cortex-m4 -std=gnu11 -g3 -DDEBUG -DUSE_HAL_DRIVER -DSTM32L4R5xx -c -I../Core/Inc -I../Drivers/STM32L4xx_HAL_Driver/Inc -I../Drivers/STM32L4xx_HAL_Driver/Inc/Legacy -I../Drivers/CMSIS/Device/ST/STM32L4xx/Include -I../Drivers/CMSIS/Include -O0 -ffunction-sections -fdata-sections -Wall -fstack-usage -MMD -MP -MF"Core/Src/main.d" -MT"Core/Src/main.o" --specs=nano.specs -mfpu=fpv4-sp-d16 -mfloat-abi=hard -mthumb -o "Core/Src/main.o"
arm-none-eabi-gcc "../Core/Src/stm32l4xx_hal_msp.c" -mcpu=cortex-m4 -std=gnu11 -g3 -DDEBUG -DUSE_HAL_DRIVER -DSTM32L4R5xx -c -I../Core/Inc -I../Drivers/STM32L4xx_HAL_Driver/Inc -I../Drivers/STM32L4xx_HAL_Driver/Inc/Legacy -I../Drivers/CMSIS/Device/ST/STM32L4xx/Include -I../Drivers/CMSIS/Include -O0 -ffunction-sections -fdata-sections -Wall -fstack-usage -MMD -MP -MF"Core/Src/stm32l4xx_hal_msp.d" -MT"Core/Src/stm32l4xx_hal_msp.o" --specs=nano.specs -mfpu=fpv4-sp-d16 -mfloat-abi=hard -mthumb -o "Core/Src/stm32l4xx_hal_msp.o"
arm-none-eabi-gcc "../Core/Src/stm32l4xx_it.c" -mcpu=cortex-m4 -std=gnu11 -g3 -DDEBUG -DUSE_HAL_DRIVER -DSTM32L4R5xx -c -I../Core/Inc -I../Drivers/STM32L4xx_HAL_Driver/Inc -I../Drivers/STM32L4xx_HAL_Driver/Inc/Legacy -I../Drivers/CMSIS/Device/ST/STM32L4xx/Include -I../Drivers/CMSIS/Include -O0 -ffunction-sections -fdata-sections -Wall -fstack-usage -MMD -MP -MF"Core/Src/stm32l4xx_it.d" -MT"Core/Src/stm32l4xx_it.o" --specs=nano.specs -mfpu=fpv4-sp-d16 -mfloat-abi=hard -mthumb -o "Core/Src/stm32l4xx_it.o"
In file included from ../Drivers/CMSIS/Device/ST/STM32L4xx/Include/stm32l4xx.h:288,
                 from ../Drivers/STM32L4xx_HAL_Driver/Inc/stm32l4xx_hal_def.h:29,
                 from ../Drivers/STM32L4xx_HAL_Driver/Inc/stm32l4xx_hal_rcc.h:27,
                 from ../Core/Inc/stm32l4xx_hal_conf.h:258,
                 from ../Core/Inc/VASensors.h:14,
                 from ../Core/Src/VASensors.c:11:
../Drivers/STM32L4xx_HAL_Driver/Inc/stm32l4xx_hal.h:636:1: error: unknown type name 'HAL_StatusTypeDef'
  636 | HAL_StatusTypeDef HAL_Init(void);
      | ^~~~~~~~~~~~~~~~~
arm-none-eabi-gcc "../Core/Src/syscalls.c" -mcpu=cortex-m4 -std=gnu11 -g3 -DDEBUG -DUSE_HAL_DRIVER -DSTM32L4R5xx -c -I../Core/Inc -I../Drivers/STM32L4xx_HAL_Driver/Inc -I../Drivers/STM32L4xx_HAL_Driver/Inc/Legacy -I../Drivers/CMSIS/Device/ST/STM32L4xx/Include -I../Drivers/CMSIS/Include -O0 -ffunction-sections -fdata-sections -Wall -fstack-usage -MMD -MP -MF"Core/Src/syscalls.d" -MT"Core/Src/syscalls.o" --specs=nano.specs -mfpu=fpv4-sp-d16 -mfloat-abi=hard -mthumb -o "Core/Src/syscalls.o"
../Drivers/STM32L4xx_HAL_Driver/Inc/stm32l4xx_hal.h:637:1: error: unknown type name 'HAL_StatusTypeDef'
  637 | HAL_StatusTypeDef HAL_DeInit(void);
      | ^~~~~~~~~~~~~~~~~
In file included from ../Core/Inc/main.h:34,
                 from ../Core/Src/main.c:20:
../Core/Inc/VASensors.h:36:2: error: unknown type name 'time_t'
   36 |  time_t timestamp;
      |  ^~~~~~
../Drivers/STM32L4xx_HAL_Driver/Inc/stm32l4xx_hal.h:640:1: error: unknown type name 'HAL_StatusTypeDef'
  640 | HAL_StatusTypeDef HAL_InitTick (uint32_t TickPriority);
      | ^~~~~~~~~~~~~~~~~
make: *** [Core/Src/subdir.mk:37: Core/Src/main.o] Error 1
make: *** Waiting for unfinished jobs....
In file included from ../Core/Inc/main.h:34,
                 from ../Core/Src/stm32l4xx_hal_msp.c:22:
../Core/Inc/VASensors.h:36:2: error: unknown type name 'time_t'
   36 |  time_t timestamp;
      |  ^~~~~~
make: *** [Core/Src/subdir.mk:37: Core/Src/stm32l4xx_hal_msp.o] Error 1
../Drivers/STM32L4xx_HAL_Driver/Inc/stm32l4xx_hal.h:655:1: error: unknown type name 'HAL_StatusTypeDef'
  655 | HAL_StatusTypeDef  HAL_SetTickFreq(HAL_TickFreqTypeDef Freq);
      | ^~~~~~~~~~~~~~~~~
In file included from ../Core/Inc/main.h:34,
                 from ../Core/Src/stm32l4xx_it.c:21:
../Core/Inc/VASensors.h:36:2: error: unknown type name 'time_t'
   36 |  time_t timestamp;
      |  ^~~~~~
make: *** [Core/Src/subdir.mk:37: Core/Src/stm32l4xx_it.o] Error 1
../Drivers/STM32L4xx_HAL_Driver/Inc/stm32l4xx_hal.h:699:1: error: unknown type name 'HAL_StatusTypeDef'
  699 | HAL_StatusTypeDef HAL_SYSCFG_EnableVREFBUF(void);
      | ^~~~~~~~~~~~~~~~~
In file included from ../Core/Src/VASensors.c:11:
../Core/Inc/VASensors.h:36:2: error: unknown type name 'time_t'
   36 |  time_t timestamp;
      |  ^~~~~~
../Core/Src/VASensors.c: In function 'start_va_sensors':
../Core/Src/VASensors.c:23:4: warning: implicit declaration of function 'Error_Handler' [-Wimplicit-function-declaration]
   23 |    Error_Handler();
      |    ^~~~~~~~~~~~~
../Core/Src/VASensors.c:16:11: warning: variable 'vernier_values' set but not used [-Wunused-but-set-variable]
   16 |  uint32_t vernier_values[3];
      |           ^~~~~~~~~~~~~~
../Core/Src/VASensors.c: In function 'adc_select_pH':
../Core/Src/VASensors.c:46:32: error: 'hadc1' undeclared (first use in this function)
   46 |     if (HAL_ADC_ConfigChannel(&hadc1, &sConfig) != HAL_OK){
      |                                ^~~~~
../Core/Src/VASensors.c:46:32: note: each undeclared identifier is reported only once for each function it appears in
../Core/Src/VASensors.c: In function 'adc_select_salinity':
../Core/Src/VASensors.c:61:32: error: 'hadc1' undeclared (first use in this function)
   61 |     if (HAL_ADC_ConfigChannel(&hadc1, &sConfig) != HAL_OK)
      |                                ^~~~~
../Core/Src/VASensors.c: In function 'adc_select_dissolved_oxygen':
../Core/Src/VASensors.c:77:32: error: 'hadc1' undeclared (first use in this function)
   77 |     if (HAL_ADC_ConfigChannel(&hadc1, &sConfig) != HAL_OK)
      |                                ^~~~~
make: *** [Core/Src/subdir.mk:37: Core/Src/VASensors.o] Error 1
"make -j8 all" terminated with exit code 2. Build might be incomplete.
14:42:45 **** Incremental Build of configuration Debug for project EuropaOS ****
make -j8 all 
arm-none-eabi-gcc "../Core/Src/VASensors.c" -mcpu=cortex-m4 -std=gnu11 -g3 -DDEBUG -DUSE_HAL_DRIVER -DSTM32L4R5xx -c -I../Core/Inc -I../Drivers/STM32L4xx_HAL_Driver/Inc -I../Drivers/STM32L4xx_HAL_Driver/Inc/Legacy -I../Drivers/CMSIS/Device/ST/STM32L4xx/Include -I../Drivers/CMSIS/Include -O0 -ffunction-sections -fdata-sections -Wall -fstack-usage -MMD -MP -MF"Core/Src/VASensors.d" -MT"Core/Src/VASensors.o" --specs=nano.specs -mfpu=fpv4-sp-d16 -mfloat-abi=hard -mthumb -o "Core/Src/VASensors.o"
arm-none-eabi-gcc "../Core/Src/main.c" -mcpu=cortex-m4 -std=gnu11 -g3 -DDEBUG -DUSE_HAL_DRIVER -DSTM32L4R5xx -c -I../Core/Inc -I../Drivers/STM32L4xx_HAL_Driver/Inc -I../Drivers/STM32L4xx_HAL_Driver/Inc/Legacy -I../Drivers/CMSIS/Device/ST/STM32L4xx/Include -I../Drivers/CMSIS/Include -O0 -ffunction-sections -fdata-sections -Wall -fstack-usage -MMD -MP -MF"Core/Src/main.d" -MT"Core/Src/main.o" --specs=nano.specs -mfpu=fpv4-sp-d16 -mfloat-abi=hard -mthumb -o "Core/Src/main.o"
arm-none-eabi-gcc "../Core/Src/stm32l4xx_hal_msp.c" -mcpu=cortex-m4 -std=gnu11 -g3 -DDEBUG -DUSE_HAL_DRIVER -DSTM32L4R5xx -c -I../Core/Inc -I../Drivers/STM32L4xx_HAL_Driver/Inc -I../Drivers/STM32L4xx_HAL_Driver/Inc/Legacy -I../Drivers/CMSIS/Device/ST/STM32L4xx/Include -I../Drivers/CMSIS/Include -O0 -ffunction-sections -fdata-sections -Wall -fstack-usage -MMD -MP -MF"Core/Src/stm32l4xx_hal_msp.d" -MT"Core/Src/stm32l4xx_hal_msp.o" --specs=nano.specs -mfpu=fpv4-sp-d16 -mfloat-abi=hard -mthumb -o "Core/Src/stm32l4xx_hal_msp.o"
arm-none-eabi-gcc "../Core/Src/stm32l4xx_it.c" -mcpu=cortex-m4 -std=gnu11 -g3 -DDEBUG -DUSE_HAL_DRIVER -DSTM32L4R5xx -c -I../Core/Inc -I../Drivers/STM32L4xx_HAL_Driver/Inc -I../Drivers/STM32L4xx_HAL_Driver/Inc/Legacy -I../Drivers/CMSIS/Device/ST/STM32L4xx/Include -I../Drivers/CMSIS/Include -O0 -ffunction-sections -fdata-sections -Wall -fstack-usage -MMD -MP -MF"Core/Src/stm32l4xx_it.d" -MT"Core/Src/stm32l4xx_it.o" --specs=nano.specs -mfpu=fpv4-sp-d16 -mfloat-abi=hard -mthumb -o "Core/Src/stm32l4xx_it.o"
arm-none-eabi-gcc "../Core/Src/sysmem.c" -mcpu=cortex-m4 -std=gnu11 -g3 -DDEBUG -DUSE_HAL_DRIVER -DSTM32L4R5xx -c -I../Core/Inc -I../Drivers/STM32L4xx_HAL_Driver/Inc -I../Drivers/STM32L4xx_HAL_Driver/Inc/Legacy -I../Drivers/CMSIS/Device/ST/STM32L4xx/Include -I../Drivers/CMSIS/Include -O0 -ffunction-sections -fdata-sections -Wall -fstack-usage -MMD -MP -MF"Core/Src/sysmem.d" -MT"Core/Src/sysmem.o" --specs=nano.specs -mfpu=fpv4-sp-d16 -mfloat-abi=hard -mthumb -o "Core/Src/sysmem.o"
arm-none-eabi-gcc "../Core/Src/system_stm32l4xx.c" -mcpu=cortex-m4 -std=gnu11 -g3 -DDEBUG -DUSE_HAL_DRIVER -DSTM32L4R5xx -c -I../Core/Inc -I../Drivers/STM32L4xx_HAL_Driver/Inc -I../Drivers/STM32L4xx_HAL_Driver/Inc/Legacy -I../Drivers/CMSIS/Device/ST/STM32L4xx/Include -I../Drivers/CMSIS/Include -O0 -ffunction-sections -fdata-sections -Wall -fstack-usage -MMD -MP -MF"Core/Src/system_stm32l4xx.d" -MT"Core/Src/system_stm32l4xx.o" --specs=nano.specs -mfpu=fpv4-sp-d16 -mfloat-abi=hard -mthumb -o "Core/Src/system_stm32l4xx.o"
In file included from ../Drivers/CMSIS/Device/ST/STM32L4xx/Include/stm32l4xx.h:288,
                 from ../Drivers/STM32L4xx_HAL_Driver/Inc/stm32l4xx_hal_def.h:29,
                 from ../Drivers/STM32L4xx_HAL_Driver/Inc/stm32l4xx_hal_rcc.h:27,
                 from ../Core/Inc/stm32l4xx_hal_conf.h:258,
                 from ../Core/Inc/VASensors.h:14,
                 from ../Core/Src/VASensors.c:11:
../Drivers/STM32L4xx_HAL_Driver/Inc/stm32l4xx_hal.h:636:1: error: unknown type name 'HAL_StatusTypeDef'
  636 | HAL_StatusTypeDef HAL_Init(void);
      | ^~~~~~~~~~~~~~~~~
In file included from ../Core/Inc/main.h:34,
                 from ../Core/Src/stm32l4xx_hal_msp.c:22:
../Core/Inc/VASensors.h:35:2: error: unknown type name 'time_t'
   35 |  time_t timestamp;
      |  ^~~~~~
In file included from ../Core/Inc/main.h:34,
                 from ../Core/Src/main.c:20:
../Core/Inc/VASensors.h:35:2: error: unknown type name 'time_t'
   35 |  time_t timestamp;
      |  ^~~~~~
In file included from ../Core/Inc/main.h:34,
                 from ../Core/Src/stm32l4xx_it.c:21:
../Core/Inc/VASensors.h:35:2: error: unknown type name 'time_t'
   35 |  time_t timestamp;
      |  ^~~~~~
../Drivers/STM32L4xx_HAL_Driver/Inc/stm32l4xx_hal.h:637:1: error: unknown type name 'HAL_StatusTypeDef'
  637 | HAL_StatusTypeDef HAL_DeInit(void);
      | ^~~~~~~~~~~~~~~~~
make: *** [Core/Src/subdir.mk:37: Core/Src/main.o] Error 1
make: *** Waiting for unfinished jobs....
make: *** [Core/Src/subdir.mk:37: Core/Src/stm32l4xx_hal_msp.o] Error 1
make: *** [Core/Src/subdir.mk:37: Core/Src/stm32l4xx_it.o] Error 1
../Drivers/STM32L4xx_HAL_Driver/Inc/stm32l4xx_hal.h:640:1: error: unknown type name 'HAL_StatusTypeDef'
  640 | HAL_StatusTypeDef HAL_InitTick (uint32_t TickPriority);
      | ^~~~~~~~~~~~~~~~~
../Drivers/STM32L4xx_HAL_Driver/Inc/stm32l4xx_hal.h:655:1: error: unknown type name 'HAL_StatusTypeDef'
  655 | HAL_StatusTypeDef  HAL_SetTickFreq(HAL_TickFreqTypeDef Freq);
      | ^~~~~~~~~~~~~~~~~
../Drivers/STM32L4xx_HAL_Driver/Inc/stm32l4xx_hal.h:699:1: error: unknown type name 'HAL_StatusTypeDef'
  699 | HAL_StatusTypeDef HAL_SYSCFG_EnableVREFBUF(void);
      | ^~~~~~~~~~~~~~~~~
In file included from ../Core/Src/VASensors.c:11:
../Core/Inc/VASensors.h:35:2: error: unknown type name 'time_t'
   35 |  time_t timestamp;
      |  ^~~~~~
../Core/Src/VASensors.c: In function 'start_va_sensors':
../Core/Src/VASensors.c:23:4: warning: implicit declaration of function 'Error_Handler' [-Wimplicit-function-declaration]
   23 |    Error_Handler();
      |    ^~~~~~~~~~~~~
../Core/Src/VASensors.c:16:11: warning: variable 'vernier_values' set but not used [-Wunused-but-set-variable]
   16 |  uint32_t vernier_values[3];
      |           ^~~~~~~~~~~~~~
../Core/Src/VASensors.c: In function 'adc_select_pH':
../Core/Src/VASensors.c:46:32: error: 'hadc1' undeclared (first use in this function)
   46 |     if (HAL_ADC_ConfigChannel(&hadc1, &sConfig) != HAL_OK){
      |                                ^~~~~
../Core/Src/VASensors.c:46:32: note: each undeclared identifier is reported only once for each function it appears in
../Core/Src/VASensors.c: In function 'adc_select_salinity':
../Core/Src/VASensors.c:61:32: error: 'hadc1' undeclared (first use in this function)
   61 |     if (HAL_ADC_ConfigChannel(&hadc1, &sConfig) != HAL_OK)
      |                                ^~~~~
../Core/Src/VASensors.c: In function 'adc_select_dissolved_oxygen':
../Core/Src/VASensors.c:77:32: error: 'hadc1' undeclared (first use in this function)
   77 |     if (HAL_ADC_ConfigChannel(&hadc1, &sConfig) != HAL_OK)
      |                                ^~~~~
make: *** [Core/Src/subdir.mk:37: Core/Src/VASensors.o] Error 1
"make -j8 all" terminated with exit code 2. Build might be incomplete.
14:44:30 **** Incremental Build of configuration Debug for project EuropaOS ****
make -j8 all 
arm-none-eabi-gcc "../Core/Src/VASensors.c" -mcpu=cortex-m4 -std=gnu11 -g3 -DDEBUG -DUSE_HAL_DRIVER -DSTM32L4R5xx -c -I../Core/Inc -I../Drivers/STM32L4xx_HAL_Driver/Inc -I../Drivers/STM32L4xx_HAL_Driver/Inc/Legacy -I../Drivers/CMSIS/Device/ST/STM32L4xx/Include -I../Drivers/CMSIS/Include -O0 -ffunction-sections -fdata-sections -Wall -fstack-usage -MMD -MP -MF"Core/Src/VASensors.d" -MT"Core/Src/VASensors.o" --specs=nano.specs -mfpu=fpv4-sp-d16 -mfloat-abi=hard -mthumb -o "Core/Src/VASensors.o"
arm-none-eabi-gcc "../Core/Src/main.c" -mcpu=cortex-m4 -std=gnu11 -g3 -DDEBUG -DUSE_HAL_DRIVER -DSTM32L4R5xx -c -I../Core/Inc -I../Drivers/STM32L4xx_HAL_Driver/Inc -I../Drivers/STM32L4xx_HAL_Driver/Inc/Legacy -I../Drivers/CMSIS/Device/ST/STM32L4xx/Include -I../Drivers/CMSIS/Include -O0 -ffunction-sections -fdata-sections -Wall -fstack-usage -MMD -MP -MF"Core/Src/main.d" -MT"Core/Src/main.o" --specs=nano.specs -mfpu=fpv4-sp-d16 -mfloat-abi=hard -mthumb -o "Core/Src/main.o"
arm-none-eabi-gcc "../Core/Src/stm32l4xx_hal_msp.c" -mcpu=cortex-m4 -std=gnu11 -g3 -DDEBUG -DUSE_HAL_DRIVER -DSTM32L4R5xx -c -I../Core/Inc -I../Drivers/STM32L4xx_HAL_Driver/Inc -I../Drivers/STM32L4xx_HAL_Driver/Inc/Legacy -I../Drivers/CMSIS/Device/ST/STM32L4xx/Include -I../Drivers/CMSIS/Include -O0 -ffunction-sections -fdata-sections -Wall -fstack-usage -MMD -MP -MF"Core/Src/stm32l4xx_hal_msp.d" -MT"Core/Src/stm32l4xx_hal_msp.o" --specs=nano.specs -mfpu=fpv4-sp-d16 -mfloat-abi=hard -mthumb -o "Core/Src/stm32l4xx_hal_msp.o"
arm-none-eabi-gcc "../Core/Src/stm32l4xx_it.c" -mcpu=cortex-m4 -std=gnu11 -g3 -DDEBUG -DUSE_HAL_DRIVER -DSTM32L4R5xx -c -I../Core/Inc -I../Drivers/STM32L4xx_HAL_Driver/Inc -I../Drivers/STM32L4xx_HAL_Driver/Inc/Legacy -I../Drivers/CMSIS/Device/ST/STM32L4xx/Include -I../Drivers/CMSIS/Include -O0 -ffunction-sections -fdata-sections -Wall -fstack-usage -MMD -MP -MF"Core/Src/stm32l4xx_it.d" -MT"Core/Src/stm32l4xx_it.o" --specs=nano.specs -mfpu=fpv4-sp-d16 -mfloat-abi=hard -mthumb -o "Core/Src/stm32l4xx_it.o"
In file included from ../Drivers/CMSIS/Device/ST/STM32L4xx/Include/stm32l4xx.h:288,
                 from ../Drivers/STM32L4xx_HAL_Driver/Inc/stm32l4xx_hal_def.h:29,
                 from ../Drivers/STM32L4xx_HAL_Driver/Inc/stm32l4xx_hal_rcc.h:27,
                 from ../Core/Inc/stm32l4xx_hal_conf.h:258,
                 from ../Core/Inc/VASensors.h:14,
                 from ../Core/Src/VASensors.c:11:
../Drivers/STM32L4xx_HAL_Driver/Inc/stm32l4xx_hal.h:636:1: error: unknown type name 'HAL_StatusTypeDef'
  636 | HAL_StatusTypeDef HAL_Init(void);
      | ^~~~~~~~~~~~~~~~~
../Drivers/STM32L4xx_HAL_Driver/Inc/stm32l4xx_hal.h:637:1: error: unknown type name 'HAL_StatusTypeDef'
  637 | HAL_StatusTypeDef HAL_DeInit(void);
      | ^~~~~~~~~~~~~~~~~
../Drivers/STM32L4xx_HAL_Driver/Inc/stm32l4xx_hal.h:640:1: error: unknown type name 'HAL_StatusTypeDef'
  640 | HAL_StatusTypeDef HAL_InitTick (uint32_t TickPriority);
      | ^~~~~~~~~~~~~~~~~
../Drivers/STM32L4xx_HAL_Driver/Inc/stm32l4xx_hal.h:655:1: error: unknown type name 'HAL_StatusTypeDef'
  655 | HAL_StatusTypeDef  HAL_SetTickFreq(HAL_TickFreqTypeDef Freq);
      | ^~~~~~~~~~~~~~~~~
../Drivers/STM32L4xx_HAL_Driver/Inc/stm32l4xx_hal.h:699:1: error: unknown type name 'HAL_StatusTypeDef'
  699 | HAL_StatusTypeDef HAL_SYSCFG_EnableVREFBUF(void);
      | ^~~~~~~~~~~~~~~~~
In file included from ../Core/Src/VASensors.c:11:
../Core/Inc/VASensors.h:28:3: error: conflicting types for 'id_t'
   28 | } id_t;
      |   ^~~~
In file included from c:\st\stm32cubeide_1.10.1\stm32cubeide\plugins\com.st.stm32cube.ide.mcu.externaltools.gnu-tools-for-stm32.10.3-2021.10.win32_1.0.0.202111181127\tools\arm-none-eabi\include\time.h:28,
                 from ../Core/Inc/main.h:34,
                 from ../Core/Inc/VASensors.h:15,
                 from ../Core/Src/VASensors.c:11:
c:\st\stm32cubeide_1.10.1\stm32cubeide\plugins\com.st.stm32cube.ide.mcu.externaltools.gnu-tools-for-stm32.10.3-2021.10.win32_1.0.0.202111181127\tools\arm-none-eabi\include\sys\types.h:134:17: note: previous declaration of 'id_t' was here
  134 | typedef __id_t  id_t;  /* can hold a uid_t or pid_t */
      |                 ^~~~
../Core/Src/VASensors.c: In function 'start_va_sensors':
../Core/Src/VASensors.c:16:11: warning: variable 'vernier_values' set but not used [-Wunused-but-set-variable]
   16 |  uint32_t vernier_values[3];
      |           ^~~~~~~~~~~~~~
../Core/Src/VASensors.c: In function 'adc_select_pH':
../Core/Src/VASensors.c:46:32: error: 'hadc1' undeclared (first use in this function)
   46 |     if (HAL_ADC_ConfigChannel(&hadc1, &sConfig) != HAL_OK){
      |                                ^~~~~
../Core/Src/VASensors.c:46:32: note: each undeclared identifier is reported only once for each function it appears in
../Core/Src/VASensors.c: In function 'adc_select_salinity':
../Core/Src/VASensors.c:61:32: error: 'hadc1' undeclared (first use in this function)
   61 |     if (HAL_ADC_ConfigChannel(&hadc1, &sConfig) != HAL_OK)
      |                                ^~~~~
../Core/Src/VASensors.c: In function 'adc_select_dissolved_oxygen':
../Core/Src/VASensors.c:77:32: error: 'hadc1' undeclared (first use in this function)
   77 |     if (HAL_ADC_ConfigChannel(&hadc1, &sConfig) != HAL_OK)
      |                                ^~~~~
make: *** [Core/Src/subdir.mk:37: Core/Src/VASensors.o] Error 1
make: *** Waiting for unfinished jobs....
"make -j8 all" terminated with exit code 2. Build might be incomplete.
14:46:00 **** Incremental Build of configuration Debug for project EuropaOS ****
make -j8 all 
arm-none-eabi-gcc "../Core/Src/VASensors.c" -mcpu=cortex-m4 -std=gnu11 -g3 -DDEBUG -DUSE_HAL_DRIVER -DSTM32L4R5xx -c -I../Core/Inc -I../Drivers/STM32L4xx_HAL_Driver/Inc -I../Drivers/STM32L4xx_HAL_Driver/Inc/Legacy -I../Drivers/CMSIS/Device/ST/STM32L4xx/Include -I../Drivers/CMSIS/Include -O0 -ffunction-sections -fdata-sections -Wall -fstack-usage -MMD -MP -MF"Core/Src/VASensors.d" -MT"Core/Src/VASensors.o" --specs=nano.specs -mfpu=fpv4-sp-d16 -mfloat-abi=hard -mthumb -o "Core/Src/VASensors.o"
In file included from ../Drivers/CMSIS/Device/ST/STM32L4xx/Include/stm32l4xx.h:288,
                 from ../Drivers/STM32L4xx_HAL_Driver/Inc/stm32l4xx_hal_def.h:29,
                 from ../Drivers/STM32L4xx_HAL_Driver/Inc/stm32l4xx_hal_rcc.h:27,
                 from ../Core/Inc/stm32l4xx_hal_conf.h:258,
                 from ../Core/Inc/VASensors.h:14,
                 from ../Core/Src/VASensors.c:11:
../Drivers/STM32L4xx_HAL_Driver/Inc/stm32l4xx_hal.h:636:1: error: unknown type name 'HAL_StatusTypeDef'
  636 | HAL_StatusTypeDef HAL_Init(void);
      | ^~~~~~~~~~~~~~~~~
../Drivers/STM32L4xx_HAL_Driver/Inc/stm32l4xx_hal.h:637:1: error: unknown type name 'HAL_StatusTypeDef'
  637 | HAL_StatusTypeDef HAL_DeInit(void);
      | ^~~~~~~~~~~~~~~~~
../Drivers/STM32L4xx_HAL_Driver/Inc/stm32l4xx_hal.h:640:1: error: unknown type name 'HAL_StatusTypeDef'
  640 | HAL_StatusTypeDef HAL_InitTick (uint32_t TickPriority);
      | ^~~~~~~~~~~~~~~~~
../Drivers/STM32L4xx_HAL_Driver/Inc/stm32l4xx_hal.h:655:1: error: unknown type name 'HAL_StatusTypeDef'
  655 | HAL_StatusTypeDef  HAL_SetTickFreq(HAL_TickFreqTypeDef Freq);
      | ^~~~~~~~~~~~~~~~~
../Drivers/STM32L4xx_HAL_Driver/Inc/stm32l4xx_hal.h:699:1: error: unknown type name 'HAL_StatusTypeDef'
  699 | HAL_StatusTypeDef HAL_SYSCFG_EnableVREFBUF(void);
      | ^~~~~~~~~~~~~~~~~
In file included from ../Core/Src/VASensors.c:11:
../Core/Inc/VASensors.h:15:10: fatal error: stm32f4xx.h: No such file or directory
   15 | #include "stm32f4xx.h"
      |          ^~~~~~~~~~~~~
compilation terminated.
make: *** [Core/Src/subdir.mk:37: Core/Src/VASensors.o] Error 1
"make -j8 all" terminated with exit code 2. Build might be incomplete.
14:46:06 **** Incremental Build of configuration Debug for project EuropaOS ****
make -j8 all 
arm-none-eabi-gcc "../Core/Src/VASensors.c" -mcpu=cortex-m4 -std=gnu11 -g3 -DDEBUG -DUSE_HAL_DRIVER -DSTM32L4R5xx -c -I../Core/Inc -I../Drivers/STM32L4xx_HAL_Driver/Inc -I../Drivers/STM32L4xx_HAL_Driver/Inc/Legacy -I../Drivers/CMSIS/Device/ST/STM32L4xx/Include -I../Drivers/CMSIS/Include -O0 -ffunction-sections -fdata-sections -Wall -fstack-usage -MMD -MP -MF"Core/Src/VASensors.d" -MT"Core/Src/VASensors.o" --specs=nano.specs -mfpu=fpv4-sp-d16 -mfloat-abi=hard -mthumb -o "Core/Src/VASensors.o"
In file included from ../Drivers/CMSIS/Device/ST/STM32L4xx/Include/stm32l4xx.h:288,
                 from ../Drivers/STM32L4xx_HAL_Driver/Inc/stm32l4xx_hal_def.h:29,
                 from ../Drivers/STM32L4xx_HAL_Driver/Inc/stm32l4xx_hal_rcc.h:27,
                 from ../Core/Inc/stm32l4xx_hal_conf.h:258,
                 from ../Core/Inc/VASensors.h:14,
                 from ../Core/Src/VASensors.c:11:
../Drivers/STM32L4xx_HAL_Driver/Inc/stm32l4xx_hal.h:636:1: error: unknown type name 'HAL_StatusTypeDef'
  636 | HAL_StatusTypeDef HAL_Init(void);
      | ^~~~~~~~~~~~~~~~~
../Drivers/STM32L4xx_HAL_Driver/Inc/stm32l4xx_hal.h:637:1: error: unknown type name 'HAL_StatusTypeDef'
  637 | HAL_StatusTypeDef HAL_DeInit(void);
      | ^~~~~~~~~~~~~~~~~
../Drivers/STM32L4xx_HAL_Driver/Inc/stm32l4xx_hal.h:640:1: error: unknown type name 'HAL_StatusTypeDef'
  640 | HAL_StatusTypeDef HAL_InitTick (uint32_t TickPriority);
      | ^~~~~~~~~~~~~~~~~
../Drivers/STM32L4xx_HAL_Driver/Inc/stm32l4xx_hal.h:655:1: error: unknown type name 'HAL_StatusTypeDef'
  655 | HAL_StatusTypeDef  HAL_SetTickFreq(HAL_TickFreqTypeDef Freq);
      | ^~~~~~~~~~~~~~~~~
../Drivers/STM32L4xx_HAL_Driver/Inc/stm32l4xx_hal.h:699:1: error: unknown type name 'HAL_StatusTypeDef'
  699 | HAL_StatusTypeDef HAL_SYSCFG_EnableVREFBUF(void);
      | ^~~~~~~~~~~~~~~~~
In file included from ../Core/Src/VASensors.c:11:
../Core/Inc/VASensors.h:29:3: error: conflicting types for 'id_t'
   29 | } id_t;
      |   ^~~~
In file included from c:\st\stm32cubeide_1.10.1\stm32cubeide\plugins\com.st.stm32cube.ide.mcu.externaltools.gnu-tools-for-stm32.10.3-2021.10.win32_1.0.0.202111181127\tools\arm-none-eabi\include\time.h:28,
                 from ../Core/Inc/main.h:34,
                 from ../Core/Inc/VASensors.h:16,
                 from ../Core/Src/VASensors.c:11:
c:\st\stm32cubeide_1.10.1\stm32cubeide\plugins\com.st.stm32cube.ide.mcu.externaltools.gnu-tools-for-stm32.10.3-2021.10.win32_1.0.0.202111181127\tools\arm-none-eabi\include\sys\types.h:134:17: note: previous declaration of 'id_t' was here
  134 | typedef __id_t  id_t;  /* can hold a uid_t or pid_t */
      |                 ^~~~
../Core/Src/VASensors.c: In function 'start_va_sensors':
../Core/Src/VASensors.c:16:11: warning: variable 'vernier_values' set but not used [-Wunused-but-set-variable]
   16 |  uint32_t vernier_values[3];
      |           ^~~~~~~~~~~~~~
../Core/Src/VASensors.c: In function 'adc_select_pH':
../Core/Src/VASensors.c:46:32: error: 'hadc1' undeclared (first use in this function)
   46 |     if (HAL_ADC_ConfigChannel(&hadc1, &sConfig) != HAL_OK){
      |                                ^~~~~
../Core/Src/VASensors.c:46:32: note: each undeclared identifier is reported only once for each function it appears in
../Core/Src/VASensors.c: In function 'adc_select_salinity':
../Core/Src/VASensors.c:61:32: error: 'hadc1' undeclared (first use in this function)
   61 |     if (HAL_ADC_ConfigChannel(&hadc1, &sConfig) != HAL_OK)
      |                                ^~~~~
../Core/Src/VASensors.c: In function 'adc_select_dissolved_oxygen':
../Core/Src/VASensors.c:77:32: error: 'hadc1' undeclared (first use in this function)
   77 |     if (HAL_ADC_ConfigChannel(&hadc1, &sConfig) != HAL_OK)
      |                                ^~~~~
make: *** [Core/Src/subdir.mk:37: Core/Src/VASensors.o] Error 1
"make -j8 all" terminated with exit code 2. Build might be incomplete.
14:47:43 **** Incremental Build of configuration Debug for project EuropaOS ****
make -j8 all 
arm-none-eabi-gcc "../Core/Src/VASensors.c" -mcpu=cortex-m4 -std=gnu11 -g3 -DDEBUG -DUSE_HAL_DRIVER -DSTM32L4R5xx -c -I../Core/Inc -I../Drivers/STM32L4xx_HAL_Driver/Inc -I../Drivers/STM32L4xx_HAL_Driver/Inc/Legacy -I../Drivers/CMSIS/Device/ST/STM32L4xx/Include -I../Drivers/CMSIS/Include -O0 -ffunction-sections -fdata-sections -Wall -fstack-usage -MMD -MP -MF"Core/Src/VASensors.d" -MT"Core/Src/VASensors.o" --specs=nano.specs -mfpu=fpv4-sp-d16 -mfloat-abi=hard -mthumb -o "Core/Src/VASensors.o"
In file included from ../Drivers/CMSIS/Device/ST/STM32L4xx/Include/stm32l4xx.h:288,
                 from ../Drivers/STM32L4xx_HAL_Driver/Inc/stm32l4xx_hal_def.h:29,
                 from ../Drivers/STM32L4xx_HAL_Driver/Inc/stm32l4xx_hal_rcc.h:27,
                 from ../Core/Inc/stm32l4xx_hal_conf.h:258,
                 from ../Core/Inc/VASensors.h:14,
                 from ../Core/Src/VASensors.c:11:
../Drivers/STM32L4xx_HAL_Driver/Inc/stm32l4xx_hal.h:636:1: error: unknown type name 'HAL_StatusTypeDef'
  636 | HAL_StatusTypeDef HAL_Init(void);
      | ^~~~~~~~~~~~~~~~~
../Drivers/STM32L4xx_HAL_Driver/Inc/stm32l4xx_hal.h:637:1: error: unknown type name 'HAL_StatusTypeDef'
  637 | HAL_StatusTypeDef HAL_DeInit(void);
      | ^~~~~~~~~~~~~~~~~
../Drivers/STM32L4xx_HAL_Driver/Inc/stm32l4xx_hal.h:640:1: error: unknown type name 'HAL_StatusTypeDef'
  640 | HAL_StatusTypeDef HAL_InitTick (uint32_t TickPriority);
      | ^~~~~~~~~~~~~~~~~
../Drivers/STM32L4xx_HAL_Driver/Inc/stm32l4xx_hal.h:655:1: error: unknown type name 'HAL_StatusTypeDef'
  655 | HAL_StatusTypeDef  HAL_SetTickFreq(HAL_TickFreqTypeDef Freq);
      | ^~~~~~~~~~~~~~~~~
../Drivers/STM32L4xx_HAL_Driver/Inc/stm32l4xx_hal.h:699:1: error: unknown type name 'HAL_StatusTypeDef'
  699 | HAL_StatusTypeDef HAL_SYSCFG_EnableVREFBUF(void);
      | ^~~~~~~~~~~~~~~~~
In file included from ../Core/Src/VASensors.c:11:
../Core/Inc/VASensors.h:29:3: error: conflicting types for 'id_t'
   29 | } id_t;
      |   ^~~~
In file included from c:\st\stm32cubeide_1.10.1\stm32cubeide\plugins\com.st.stm32cube.ide.mcu.externaltools.gnu-tools-for-stm32.10.3-2021.10.win32_1.0.0.202111181127\tools\arm-none-eabi\include\time.h:28,
                 from ../Core/Inc/main.h:34,
                 from ../Core/Inc/VASensors.h:16,
                 from ../Core/Src/VASensors.c:11:
c:\st\stm32cubeide_1.10.1\stm32cubeide\plugins\com.st.stm32cube.ide.mcu.externaltools.gnu-tools-for-stm32.10.3-2021.10.win32_1.0.0.202111181127\tools\arm-none-eabi\include\sys\types.h:134:17: note: previous declaration of 'id_t' was here
  134 | typedef __id_t  id_t;  /* can hold a uid_t or pid_t */
      |                 ^~~~
../Core/Src/VASensors.c: In function 'start_va_sensors':
../Core/Src/VASensors.c:16:11: warning: variable 'vernier_values' set but not used [-Wunused-but-set-variable]
   16 |  uint32_t vernier_values[3];
      |           ^~~~~~~~~~~~~~
../Core/Src/VASensors.c: At top level:
../Core/Src/VASensors.c:36:6: error: conflicting types for 'adc_select_pH'
   36 | void adc_select_pH(ADC_HandleTypeDef* adc_handle){
      |      ^~~~~~~~~~~~~
In file included from ../Core/Src/VASensors.c:11:
../Core/Inc/VASensors.h:42:6: note: previous declaration of 'adc_select_pH' was here
   42 | void adc_select_pH(void);
      |      ^~~~~~~~~~~~~
../Core/Src/VASensors.c:51:6: error: conflicting types for 'adc_select_salinity'
   51 | void adc_select_salinity(ADC_HandleTypeDef* adc_handle){
      |      ^~~~~~~~~~~~~~~~~~~
In file included from ../Core/Src/VASensors.c:11:
../Core/Inc/VASensors.h:43:6: note: previous declaration of 'adc_select_salinity' was here
   43 | void adc_select_salinity(void);
      |      ^~~~~~~~~~~~~~~~~~~
../Core/Src/VASensors.c:67:6: error: conflicting types for 'adc_select_dissolved_oxygen'
   67 | void adc_select_dissolved_oxygen(ADC_HandleTypeDef* adc_handle){
      |      ^~~~~~~~~~~~~~~~~~~~~~~~~~~
In file included from ../Core/Src/VASensors.c:11:
../Core/Inc/VASensors.h:44:6: note: previous declaration of 'adc_select_dissolved_oxygen' was here
   44 | void adc_select_dissolved_oxygen(void);
      |      ^~~~~~~~~~~~~~~~~~~~~~~~~~~
make: *** [Core/Src/subdir.mk:37: Core/Src/VASensors.o] Error 1
"make -j8 all" terminated with exit code 2. Build might be incomplete.
14:48:03 **** Incremental Build of configuration Debug for project EuropaOS ****
make -j8 all 
arm-none-eabi-gcc "../Core/Src/VASensors.c" -mcpu=cortex-m4 -std=gnu11 -g3 -DDEBUG -DUSE_HAL_DRIVER -DSTM32L4R5xx -c -I../Core/Inc -I../Drivers/STM32L4xx_HAL_Driver/Inc -I../Drivers/STM32L4xx_HAL_Driver/Inc/Legacy -I../Drivers/CMSIS/Device/ST/STM32L4xx/Include -I../Drivers/CMSIS/Include -O0 -ffunction-sections -fdata-sections -Wall -fstack-usage -MMD -MP -MF"Core/Src/VASensors.d" -MT"Core/Src/VASensors.o" --specs=nano.specs -mfpu=fpv4-sp-d16 -mfloat-abi=hard -mthumb -o "Core/Src/VASensors.o"
In file included from ../Drivers/CMSIS/Device/ST/STM32L4xx/Include/stm32l4xx.h:288,
                 from ../Drivers/STM32L4xx_HAL_Driver/Inc/stm32l4xx_hal_def.h:29,
                 from ../Drivers/STM32L4xx_HAL_Driver/Inc/stm32l4xx_hal_rcc.h:27,
                 from ../Core/Inc/stm32l4xx_hal_conf.h:258,
                 from ../Core/Inc/VASensors.h:14,
                 from ../Core/Src/VASensors.c:11:
../Drivers/STM32L4xx_HAL_Driver/Inc/stm32l4xx_hal.h:636:1: error: unknown type name 'HAL_StatusTypeDef'
  636 | HAL_StatusTypeDef HAL_Init(void);
      | ^~~~~~~~~~~~~~~~~
../Drivers/STM32L4xx_HAL_Driver/Inc/stm32l4xx_hal.h:637:1: error: unknown type name 'HAL_StatusTypeDef'
  637 | HAL_StatusTypeDef HAL_DeInit(void);
      | ^~~~~~~~~~~~~~~~~
../Drivers/STM32L4xx_HAL_Driver/Inc/stm32l4xx_hal.h:640:1: error: unknown type name 'HAL_StatusTypeDef'
  640 | HAL_StatusTypeDef HAL_InitTick (uint32_t TickPriority);
      | ^~~~~~~~~~~~~~~~~
../Drivers/STM32L4xx_HAL_Driver/Inc/stm32l4xx_hal.h:655:1: error: unknown type name 'HAL_StatusTypeDef'
  655 | HAL_StatusTypeDef  HAL_SetTickFreq(HAL_TickFreqTypeDef Freq);
      | ^~~~~~~~~~~~~~~~~
../Drivers/STM32L4xx_HAL_Driver/Inc/stm32l4xx_hal.h:699:1: error: unknown type name 'HAL_StatusTypeDef'
  699 | HAL_StatusTypeDef HAL_SYSCFG_EnableVREFBUF(void);
      | ^~~~~~~~~~~~~~~~~
In file included from ../Core/Src/VASensors.c:11:
../Core/Inc/VASensors.h:29:3: error: conflicting types for 'id_t'
   29 | } id_t;
      |   ^~~~
In file included from c:\st\stm32cubeide_1.10.1\stm32cubeide\plugins\com.st.stm32cube.ide.mcu.externaltools.gnu-tools-for-stm32.10.3-2021.10.win32_1.0.0.202111181127\tools\arm-none-eabi\include\time.h:28,
                 from ../Core/Inc/main.h:34,
                 from ../Core/Inc/VASensors.h:16,
                 from ../Core/Src/VASensors.c:11:
c:\st\stm32cubeide_1.10.1\stm32cubeide\plugins\com.st.stm32cube.ide.mcu.externaltools.gnu-tools-for-stm32.10.3-2021.10.win32_1.0.0.202111181127\tools\arm-none-eabi\include\sys\types.h:134:17: note: previous declaration of 'id_t' was here
  134 | typedef __id_t  id_t;  /* can hold a uid_t or pid_t */
      |                 ^~~~
../Core/Src/VASensors.c: In function 'start_va_sensors':
../Core/Src/VASensors.c:19:2: error: too few arguments to function 'adc_select_pH'
   19 |  adc_select_pH();
      |  ^~~~~~~~~~~~~
In file included from ../Core/Src/VASensors.c:11:
../Core/Inc/VASensors.h:42:6: note: declared here
   42 | void adc_select_pH(ADC_HandleTypeDef* adc_handle);
      |      ^~~~~~~~~~~~~
../Core/Src/VASensors.c:16:11: warning: variable 'vernier_values' set but not used [-Wunused-but-set-variable]
   16 |  uint32_t vernier_values[3];
      |           ^~~~~~~~~~~~~~
make: *** [Core/Src/subdir.mk:37: Core/Src/VASensors.o] Error 1
"make -j8 all" terminated with exit code 2. Build might be incomplete.
14:48:14 **** Incremental Build of configuration Debug for project EuropaOS ****
make -j8 all 
arm-none-eabi-gcc "../Core/Src/VASensors.c" -mcpu=cortex-m4 -std=gnu11 -g3 -DDEBUG -DUSE_HAL_DRIVER -DSTM32L4R5xx -c -I../Core/Inc -I../Drivers/STM32L4xx_HAL_Driver/Inc -I../Drivers/STM32L4xx_HAL_Driver/Inc/Legacy -I../Drivers/CMSIS/Device/ST/STM32L4xx/Include -I../Drivers/CMSIS/Include -O0 -ffunction-sections -fdata-sections -Wall -fstack-usage -MMD -MP -MF"Core/Src/VASensors.d" -MT"Core/Src/VASensors.o" --specs=nano.specs -mfpu=fpv4-sp-d16 -mfloat-abi=hard -mthumb -o "Core/Src/VASensors.o"
In file included from ../Drivers/CMSIS/Device/ST/STM32L4xx/Include/stm32l4xx.h:288,
                 from ../Drivers/STM32L4xx_HAL_Driver/Inc/stm32l4xx_hal_def.h:29,
                 from ../Drivers/STM32L4xx_HAL_Driver/Inc/stm32l4xx_hal_rcc.h:27,
                 from ../Core/Inc/stm32l4xx_hal_conf.h:258,
                 from ../Core/Inc/VASensors.h:14,
                 from ../Core/Src/VASensors.c:11:
../Drivers/STM32L4xx_HAL_Driver/Inc/stm32l4xx_hal.h:636:1: error: unknown type name 'HAL_StatusTypeDef'
  636 | HAL_StatusTypeDef HAL_Init(void);
      | ^~~~~~~~~~~~~~~~~
../Drivers/STM32L4xx_HAL_Driver/Inc/stm32l4xx_hal.h:637:1: error: unknown type name 'HAL_StatusTypeDef'
  637 | HAL_StatusTypeDef HAL_DeInit(void);
      | ^~~~~~~~~~~~~~~~~
../Drivers/STM32L4xx_HAL_Driver/Inc/stm32l4xx_hal.h:640:1: error: unknown type name 'HAL_StatusTypeDef'
  640 | HAL_StatusTypeDef HAL_InitTick (uint32_t TickPriority);
      | ^~~~~~~~~~~~~~~~~
../Drivers/STM32L4xx_HAL_Driver/Inc/stm32l4xx_hal.h:655:1: error: unknown type name 'HAL_StatusTypeDef'
  655 | HAL_StatusTypeDef  HAL_SetTickFreq(HAL_TickFreqTypeDef Freq);
      | ^~~~~~~~~~~~~~~~~
../Drivers/STM32L4xx_HAL_Driver/Inc/stm32l4xx_hal.h:699:1: error: unknown type name 'HAL_StatusTypeDef'
  699 | HAL_StatusTypeDef HAL_SYSCFG_EnableVREFBUF(void);
      | ^~~~~~~~~~~~~~~~~
In file included from ../Core/Src/VASensors.c:11:
../Core/Inc/VASensors.h:29:3: error: conflicting types for 'id_t'
   29 | } id_t;
      |   ^~~~
In file included from c:\st\stm32cubeide_1.10.1\stm32cubeide\plugins\com.st.stm32cube.ide.mcu.externaltools.gnu-tools-for-stm32.10.3-2021.10.win32_1.0.0.202111181127\tools\arm-none-eabi\include\time.h:28,
                 from ../Core/Inc/main.h:34,
                 from ../Core/Inc/VASensors.h:16,
                 from ../Core/Src/VASensors.c:11:
c:\st\stm32cubeide_1.10.1\stm32cubeide\plugins\com.st.stm32cube.ide.mcu.externaltools.gnu-tools-for-stm32.10.3-2021.10.win32_1.0.0.202111181127\tools\arm-none-eabi\include\sys\types.h:134:17: note: previous declaration of 'id_t' was here
  134 | typedef __id_t  id_t;  /* can hold a uid_t or pid_t */
      |                 ^~~~
../Core/Src/VASensors.c: In function 'start_va_sensors':
../Core/Src/VASensors.c:16:11: warning: variable 'vernier_values' set but not used [-Wunused-but-set-variable]
   16 |  uint32_t vernier_values[3];
      |           ^~~~~~~~~~~~~~
make: *** [Core/Src/subdir.mk:37: Core/Src/VASensors.o] Error 1
"make -j8 all" terminated with exit code 2. Build might be incomplete.
14:48:36 **** Incremental Build of configuration Debug for project EuropaOS ****
make -j8 all 
arm-none-eabi-gcc "../Core/Src/VASensors.c" -mcpu=cortex-m4 -std=gnu11 -g3 -DDEBUG -DUSE_HAL_DRIVER -DSTM32L4R5xx -c -I../Core/Inc -I../Drivers/STM32L4xx_HAL_Driver/Inc -I../Drivers/STM32L4xx_HAL_Driver/Inc/Legacy -I../Drivers/CMSIS/Device/ST/STM32L4xx/Include -I../Drivers/CMSIS/Include -O0 -ffunction-sections -fdata-sections -Wall -fstack-usage -MMD -MP -MF"Core/Src/VASensors.d" -MT"Core/Src/VASensors.o" --specs=nano.specs -mfpu=fpv4-sp-d16 -mfloat-abi=hard -mthumb -o "Core/Src/VASensors.o"
In file included from ../Drivers/CMSIS/Device/ST/STM32L4xx/Include/stm32l4xx.h:288,
                 from ../Drivers/STM32L4xx_HAL_Driver/Inc/stm32l4xx_hal_def.h:29,
                 from ../Drivers/STM32L4xx_HAL_Driver/Inc/stm32l4xx_hal_rcc.h:27,
                 from ../Core/Inc/stm32l4xx_hal_conf.h:258,
                 from ../Core/Inc/VASensors.h:14,
                 from ../Core/Src/VASensors.c:11:
../Drivers/STM32L4xx_HAL_Driver/Inc/stm32l4xx_hal.h:636:1: error: unknown type name 'HAL_StatusTypeDef'
  636 | HAL_StatusTypeDef HAL_Init(void);
      | ^~~~~~~~~~~~~~~~~
../Drivers/STM32L4xx_HAL_Driver/Inc/stm32l4xx_hal.h:637:1: error: unknown type name 'HAL_StatusTypeDef'
  637 | HAL_StatusTypeDef HAL_DeInit(void);
      | ^~~~~~~~~~~~~~~~~
../Drivers/STM32L4xx_HAL_Driver/Inc/stm32l4xx_hal.h:640:1: error: unknown type name 'HAL_StatusTypeDef'
  640 | HAL_StatusTypeDef HAL_InitTick (uint32_t TickPriority);
      | ^~~~~~~~~~~~~~~~~
../Drivers/STM32L4xx_HAL_Driver/Inc/stm32l4xx_hal.h:655:1: error: unknown type name 'HAL_StatusTypeDef'
  655 | HAL_StatusTypeDef  HAL_SetTickFreq(HAL_TickFreqTypeDef Freq);
      | ^~~~~~~~~~~~~~~~~
../Drivers/STM32L4xx_HAL_Driver/Inc/stm32l4xx_hal.h:699:1: error: unknown type name 'HAL_StatusTypeDef'
  699 | HAL_StatusTypeDef HAL_SYSCFG_EnableVREFBUF(void);
      | ^~~~~~~~~~~~~~~~~
In file included from ../Core/Src/VASensors.c:11:
../Core/Inc/VASensors.h:29:1: warning: useless storage class specifier in empty declaration
   29 | };
      | ^
../Core/Src/VASensors.c: In function 'start_va_sensors':
../Core/Src/VASensors.c:16:11: warning: variable 'vernier_values' set but not used [-Wunused-but-set-variable]
   16 |  uint32_t vernier_values[3];
      |           ^~~~~~~~~~~~~~
make: *** [Core/Src/subdir.mk:37: Core/Src/VASensors.o] Error 1
"make -j8 all" terminated with exit code 2. Build might be incomplete.
14:48:48 **** Incremental Build of configuration Debug for project EuropaOS ****
make -j8 all 
arm-none-eabi-gcc "../Core/Src/VASensors.c" -mcpu=cortex-m4 -std=gnu11 -g3 -DDEBUG -DUSE_HAL_DRIVER -DSTM32L4R5xx -c -I../Core/Inc -I../Drivers/STM32L4xx_HAL_Driver/Inc -I../Drivers/STM32L4xx_HAL_Driver/Inc/Legacy -I../Drivers/CMSIS/Device/ST/STM32L4xx/Include -I../Drivers/CMSIS/Include -O0 -ffunction-sections -fdata-sections -Wall -fstack-usage -MMD -MP -MF"Core/Src/VASensors.d" -MT"Core/Src/VASensors.o" --specs=nano.specs -mfpu=fpv4-sp-d16 -mfloat-abi=hard -mthumb -o "Core/Src/VASensors.o"
In file included from ../Drivers/CMSIS/Device/ST/STM32L4xx/Include/stm32l4xx.h:288,
                 from ../Drivers/STM32L4xx_HAL_Driver/Inc/stm32l4xx_hal_def.h:29,
                 from ../Drivers/STM32L4xx_HAL_Driver/Inc/stm32l4xx_hal_rcc.h:27,
                 from ../Core/Inc/stm32l4xx_hal_conf.h:258,
                 from ../Core/Inc/VASensors.h:14,
                 from ../Core/Src/VASensors.c:11:
../Drivers/STM32L4xx_HAL_Driver/Inc/stm32l4xx_hal.h:636:1: error: unknown type name 'HAL_StatusTypeDef'
  636 | HAL_StatusTypeDef HAL_Init(void);
      | ^~~~~~~~~~~~~~~~~
../Drivers/STM32L4xx_HAL_Driver/Inc/stm32l4xx_hal.h:637:1: error: unknown type name 'HAL_StatusTypeDef'
  637 | HAL_StatusTypeDef HAL_DeInit(void);
      | ^~~~~~~~~~~~~~~~~
../Drivers/STM32L4xx_HAL_Driver/Inc/stm32l4xx_hal.h:640:1: error: unknown type name 'HAL_StatusTypeDef'
  640 | HAL_StatusTypeDef HAL_InitTick (uint32_t TickPriority);
      | ^~~~~~~~~~~~~~~~~
../Drivers/STM32L4xx_HAL_Driver/Inc/stm32l4xx_hal.h:655:1: error: unknown type name 'HAL_StatusTypeDef'
  655 | HAL_StatusTypeDef  HAL_SetTickFreq(HAL_TickFreqTypeDef Freq);
      | ^~~~~~~~~~~~~~~~~
../Drivers/STM32L4xx_HAL_Driver/Inc/stm32l4xx_hal.h:699:1: error: unknown type name 'HAL_StatusTypeDef'
  699 | HAL_StatusTypeDef HAL_SYSCFG_EnableVREFBUF(void);
      | ^~~~~~~~~~~~~~~~~
In file included from ../Core/Src/VASensors.c:11:
../Core/Inc/VASensors.h:29:2: error: conflicting types for 'id_t'
   29 | }id_t;
      |  ^~~~
In file included from c:\st\stm32cubeide_1.10.1\stm32cubeide\plugins\com.st.stm32cube.ide.mcu.externaltools.gnu-tools-for-stm32.10.3-2021.10.win32_1.0.0.202111181127\tools\arm-none-eabi\include\time.h:28,
                 from ../Core/Inc/main.h:34,
                 from ../Core/Inc/VASensors.h:16,
                 from ../Core/Src/VASensors.c:11:
c:\st\stm32cubeide_1.10.1\stm32cubeide\plugins\com.st.stm32cube.ide.mcu.externaltools.gnu-tools-for-stm32.10.3-2021.10.win32_1.0.0.202111181127\tools\arm-none-eabi\include\sys\types.h:134:17: note: previous declaration of 'id_t' was here
  134 | typedef __id_t  id_t;  /* can hold a uid_t or pid_t */
      |                 ^~~~
../Core/Src/VASensors.c: In function 'start_va_sensors':
../Core/Src/VASensors.c:16:11: warning: variable 'vernier_values' set but not used [-Wunused-but-set-variable]
   16 |  uint32_t vernier_values[3];
      |           ^~~~~~~~~~~~~~
make: *** [Core/Src/subdir.mk:37: Core/Src/VASensors.o] Error 1
"make -j8 all" terminated with exit code 2. Build might be incomplete.
14:49:01 **** Incremental Build of configuration Debug for project EuropaOS ****
make -j8 all 
arm-none-eabi-gcc "../Core/Src/VASensors.c" -mcpu=cortex-m4 -std=gnu11 -g3 -DDEBUG -DUSE_HAL_DRIVER -DSTM32L4R5xx -c -I../Core/Inc -I../Drivers/STM32L4xx_HAL_Driver/Inc -I../Drivers/STM32L4xx_HAL_Driver/Inc/Legacy -I../Drivers/CMSIS/Device/ST/STM32L4xx/Include -I../Drivers/CMSIS/Include -O0 -ffunction-sections -fdata-sections -Wall -fstack-usage -MMD -MP -MF"Core/Src/VASensors.d" -MT"Core/Src/VASensors.o" --specs=nano.specs -mfpu=fpv4-sp-d16 -mfloat-abi=hard -mthumb -o "Core/Src/VASensors.o"
In file included from ../Drivers/CMSIS/Device/ST/STM32L4xx/Include/stm32l4xx.h:288,
                 from ../Drivers/STM32L4xx_HAL_Driver/Inc/stm32l4xx_hal_def.h:29,
                 from ../Drivers/STM32L4xx_HAL_Driver/Inc/stm32l4xx_hal_rcc.h:27,
                 from ../Core/Inc/stm32l4xx_hal_conf.h:258,
                 from ../Core/Inc/VASensors.h:14,
                 from ../Core/Src/VASensors.c:11:
../Drivers/STM32L4xx_HAL_Driver/Inc/stm32l4xx_hal.h:636:1: error: unknown type name 'HAL_StatusTypeDef'
  636 | HAL_StatusTypeDef HAL_Init(void);
      | ^~~~~~~~~~~~~~~~~
../Drivers/STM32L4xx_HAL_Driver/Inc/stm32l4xx_hal.h:637:1: error: unknown type name 'HAL_StatusTypeDef'
  637 | HAL_StatusTypeDef HAL_DeInit(void);
      | ^~~~~~~~~~~~~~~~~
../Drivers/STM32L4xx_HAL_Driver/Inc/stm32l4xx_hal.h:640:1: error: unknown type name 'HAL_StatusTypeDef'
  640 | HAL_StatusTypeDef HAL_InitTick (uint32_t TickPriority);
      | ^~~~~~~~~~~~~~~~~
../Drivers/STM32L4xx_HAL_Driver/Inc/stm32l4xx_hal.h:655:1: error: unknown type name 'HAL_StatusTypeDef'
  655 | HAL_StatusTypeDef  HAL_SetTickFreq(HAL_TickFreqTypeDef Freq);
      | ^~~~~~~~~~~~~~~~~
../Drivers/STM32L4xx_HAL_Driver/Inc/stm32l4xx_hal.h:699:1: error: unknown type name 'HAL_StatusTypeDef'
  699 | HAL_StatusTypeDef HAL_SYSCFG_EnableVREFBUF(void);
      | ^~~~~~~~~~~~~~~~~
In file included from ../Core/Src/VASensors.c:11:
../Core/Inc/VASensors.h:29:1: warning: useless storage class specifier in empty declaration
   29 | };
      | ^
../Core/Src/VASensors.c: In function 'start_va_sensors':
../Core/Src/VASensors.c:16:11: warning: variable 'vernier_values' set but not used [-Wunused-but-set-variable]
   16 |  uint32_t vernier_values[3];
      |           ^~~~~~~~~~~~~~
make: *** [Core/Src/subdir.mk:37: Core/Src/VASensors.o] Error 1
"make -j8 all" terminated with exit code 2. Build might be incomplete.
14:49:11 **** Incremental Build of configuration Debug for project EuropaOS ****
make -j8 all 
arm-none-eabi-gcc "../Core/Src/VASensors.c" -mcpu=cortex-m4 -std=gnu11 -g3 -DDEBUG -DUSE_HAL_DRIVER -DSTM32L4R5xx -c -I../Core/Inc -I../Drivers/STM32L4xx_HAL_Driver/Inc -I../Drivers/STM32L4xx_HAL_Driver/Inc/Legacy -I../Drivers/CMSIS/Device/ST/STM32L4xx/Include -I../Drivers/CMSIS/Include -O0 -ffunction-sections -fdata-sections -Wall -fstack-usage -MMD -MP -MF"Core/Src/VASensors.d" -MT"Core/Src/VASensors.o" --specs=nano.specs -mfpu=fpv4-sp-d16 -mfloat-abi=hard -mthumb -o "Core/Src/VASensors.o"
In file included from ../Drivers/CMSIS/Device/ST/STM32L4xx/Include/stm32l4xx.h:288,
                 from ../Drivers/STM32L4xx_HAL_Driver/Inc/stm32l4xx_hal_def.h:29,
                 from ../Drivers/STM32L4xx_HAL_Driver/Inc/stm32l4xx_hal_rcc.h:27,
                 from ../Core/Inc/stm32l4xx_hal_conf.h:258,
                 from ../Core/Inc/VASensors.h:14,
                 from ../Core/Src/VASensors.c:11:
../Drivers/STM32L4xx_HAL_Driver/Inc/stm32l4xx_hal.h:636:1: error: unknown type name 'HAL_StatusTypeDef'
  636 | HAL_StatusTypeDef HAL_Init(void);
      | ^~~~~~~~~~~~~~~~~
../Drivers/STM32L4xx_HAL_Driver/Inc/stm32l4xx_hal.h:637:1: error: unknown type name 'HAL_StatusTypeDef'
  637 | HAL_StatusTypeDef HAL_DeInit(void);
      | ^~~~~~~~~~~~~~~~~
../Drivers/STM32L4xx_HAL_Driver/Inc/stm32l4xx_hal.h:640:1: error: unknown type name 'HAL_StatusTypeDef'
  640 | HAL_StatusTypeDef HAL_InitTick (uint32_t TickPriority);
      | ^~~~~~~~~~~~~~~~~
../Drivers/STM32L4xx_HAL_Driver/Inc/stm32l4xx_hal.h:655:1: error: unknown type name 'HAL_StatusTypeDef'
  655 | HAL_StatusTypeDef  HAL_SetTickFreq(HAL_TickFreqTypeDef Freq);
      | ^~~~~~~~~~~~~~~~~
../Drivers/STM32L4xx_HAL_Driver/Inc/stm32l4xx_hal.h:699:1: error: unknown type name 'HAL_StatusTypeDef'
  699 | HAL_StatusTypeDef HAL_SYSCFG_EnableVREFBUF(void);
      | ^~~~~~~~~~~~~~~~~
In file included from ../Core/Src/VASensors.c:11:
../Core/Inc/VASensors.h:29:3: error: conflicting types for 'id_t'
   29 | } id_t;
      |   ^~~~
In file included from c:\st\stm32cubeide_1.10.1\stm32cubeide\plugins\com.st.stm32cube.ide.mcu.externaltools.gnu-tools-for-stm32.10.3-2021.10.win32_1.0.0.202111181127\tools\arm-none-eabi\include\time.h:28,
                 from ../Core/Inc/main.h:34,
                 from ../Core/Inc/VASensors.h:16,
                 from ../Core/Src/VASensors.c:11:
c:\st\stm32cubeide_1.10.1\stm32cubeide\plugins\com.st.stm32cube.ide.mcu.externaltools.gnu-tools-for-stm32.10.3-2021.10.win32_1.0.0.202111181127\tools\arm-none-eabi\include\sys\types.h:134:17: note: previous declaration of 'id_t' was here
  134 | typedef __id_t  id_t;  /* can hold a uid_t or pid_t */
      |                 ^~~~
../Core/Src/VASensors.c: In function 'start_va_sensors':
../Core/Src/VASensors.c:16:11: warning: variable 'vernier_values' set but not used [-Wunused-but-set-variable]
   16 |  uint32_t vernier_values[3];
      |           ^~~~~~~~~~~~~~
make: *** [Core/Src/subdir.mk:37: Core/Src/VASensors.o] Error 1
"make -j8 all" terminated with exit code 2. Build might be incomplete.
14:49:45 **** Incremental Build of configuration Debug for project EuropaOS ****
make -j8 all 
arm-none-eabi-gcc "../Core/Src/VASensors.c" -mcpu=cortex-m4 -std=gnu11 -g3 -DDEBUG -DUSE_HAL_DRIVER -DSTM32L4R5xx -c -I../Core/Inc -I../Drivers/STM32L4xx_HAL_Driver/Inc -I../Drivers/STM32L4xx_HAL_Driver/Inc/Legacy -I../Drivers/CMSIS/Device/ST/STM32L4xx/Include -I../Drivers/CMSIS/Include -O0 -ffunction-sections -fdata-sections -Wall -fstack-usage -MMD -MP -MF"Core/Src/VASensors.d" -MT"Core/Src/VASensors.o" --specs=nano.specs -mfpu=fpv4-sp-d16 -mfloat-abi=hard -mthumb -o "Core/Src/VASensors.o"
In file included from ../Drivers/CMSIS/Device/ST/STM32L4xx/Include/stm32l4xx.h:288,
                 from ../Drivers/STM32L4xx_HAL_Driver/Inc/stm32l4xx_hal_def.h:29,
                 from ../Drivers/STM32L4xx_HAL_Driver/Inc/stm32l4xx_hal_rcc.h:27,
                 from ../Core/Inc/stm32l4xx_hal_conf.h:258,
                 from ../Core/Inc/VASensors.h:14,
                 from ../Core/Src/VASensors.c:11:
../Drivers/STM32L4xx_HAL_Driver/Inc/stm32l4xx_hal.h:636:1: error: unknown type name 'HAL_StatusTypeDef'
  636 | HAL_StatusTypeDef HAL_Init(void);
      | ^~~~~~~~~~~~~~~~~
../Drivers/STM32L4xx_HAL_Driver/Inc/stm32l4xx_hal.h:637:1: error: unknown type name 'HAL_StatusTypeDef'
  637 | HAL_StatusTypeDef HAL_DeInit(void);
      | ^~~~~~~~~~~~~~~~~
../Drivers/STM32L4xx_HAL_Driver/Inc/stm32l4xx_hal.h:640:1: error: unknown type name 'HAL_StatusTypeDef'
  640 | HAL_StatusTypeDef HAL_InitTick (uint32_t TickPriority);
      | ^~~~~~~~~~~~~~~~~
../Drivers/STM32L4xx_HAL_Driver/Inc/stm32l4xx_hal.h:655:1: error: unknown type name 'HAL_StatusTypeDef'
  655 | HAL_StatusTypeDef  HAL_SetTickFreq(HAL_TickFreqTypeDef Freq);
      | ^~~~~~~~~~~~~~~~~
../Drivers/STM32L4xx_HAL_Driver/Inc/stm32l4xx_hal.h:699:1: error: unknown type name 'HAL_StatusTypeDef'
  699 | HAL_StatusTypeDef HAL_SYSCFG_EnableVREFBUF(void);
      | ^~~~~~~~~~~~~~~~~
In file included from ../Core/Src/VASensors.c:11:
../Core/Inc/VASensors.h:29:3: error: conflicting types for 'id_t'
   29 | } id_t;
      |   ^~~~
In file included from c:\st\stm32cubeide_1.10.1\stm32cubeide\plugins\com.st.stm32cube.ide.mcu.externaltools.gnu-tools-for-stm32.10.3-2021.10.win32_1.0.0.202111181127\tools\arm-none-eabi\include\time.h:28,
                 from ../Core/Inc/main.h:34,
                 from ../Core/Inc/VASensors.h:16,
                 from ../Core/Src/VASensors.c:11:
c:\st\stm32cubeide_1.10.1\stm32cubeide\plugins\com.st.stm32cube.ide.mcu.externaltools.gnu-tools-for-stm32.10.3-2021.10.win32_1.0.0.202111181127\tools\arm-none-eabi\include\sys\types.h:134:17: note: previous declaration of 'id_t' was here
  134 | typedef __id_t  id_t;  /* can hold a uid_t or pid_t */
      |                 ^~~~
In file included from ../Core/Src/VASensors.c:11:
../Core/Inc/VASensors.h:36:12: error: field 'sensor_type' has incomplete type
   36 |  enum id_t sensor_type;
      |            ^~~~~~~~~~~
../Core/Src/VASensors.c: In function 'start_va_sensors':
../Core/Src/VASensors.c:16:11: warning: variable 'vernier_values' set but not used [-Wunused-but-set-variable]
   16 |  uint32_t vernier_values[3];
      |           ^~~~~~~~~~~~~~
make: *** [Core/Src/subdir.mk:37: Core/Src/VASensors.o] Error 1
"make -j8 all" terminated with exit code 2. Build might be incomplete.
14:49:59 **** Incremental Build of configuration Debug for project EuropaOS ****
make -j8 all 
arm-none-eabi-gcc "../Core/Src/VASensors.c" -mcpu=cortex-m4 -std=gnu11 -g3 -DDEBUG -DUSE_HAL_DRIVER -DSTM32L4R5xx -c -I../Core/Inc -I../Drivers/STM32L4xx_HAL_Driver/Inc -I../Drivers/STM32L4xx_HAL_Driver/Inc/Legacy -I../Drivers/CMSIS/Device/ST/STM32L4xx/Include -I../Drivers/CMSIS/Include -O0 -ffunction-sections -fdata-sections -Wall -fstack-usage -MMD -MP -MF"Core/Src/VASensors.d" -MT"Core/Src/VASensors.o" --specs=nano.specs -mfpu=fpv4-sp-d16 -mfloat-abi=hard -mthumb -o "Core/Src/VASensors.o"
In file included from ../Drivers/CMSIS/Device/ST/STM32L4xx/Include/stm32l4xx.h:288,
                 from ../Drivers/STM32L4xx_HAL_Driver/Inc/stm32l4xx_hal_def.h:29,
                 from ../Drivers/STM32L4xx_HAL_Driver/Inc/stm32l4xx_hal_rcc.h:27,
                 from ../Core/Inc/stm32l4xx_hal_conf.h:258,
                 from ../Core/Inc/VASensors.h:14,
                 from ../Core/Src/VASensors.c:11:
../Drivers/STM32L4xx_HAL_Driver/Inc/stm32l4xx_hal.h:636:1: error: unknown type name 'HAL_StatusTypeDef'
  636 | HAL_StatusTypeDef HAL_Init(void);
      | ^~~~~~~~~~~~~~~~~
../Drivers/STM32L4xx_HAL_Driver/Inc/stm32l4xx_hal.h:637:1: error: unknown type name 'HAL_StatusTypeDef'
  637 | HAL_StatusTypeDef HAL_DeInit(void);
      | ^~~~~~~~~~~~~~~~~
../Drivers/STM32L4xx_HAL_Driver/Inc/stm32l4xx_hal.h:640:1: error: unknown type name 'HAL_StatusTypeDef'
  640 | HAL_StatusTypeDef HAL_InitTick (uint32_t TickPriority);
      | ^~~~~~~~~~~~~~~~~
../Drivers/STM32L4xx_HAL_Driver/Inc/stm32l4xx_hal.h:655:1: error: unknown type name 'HAL_StatusTypeDef'
  655 | HAL_StatusTypeDef  HAL_SetTickFreq(HAL_TickFreqTypeDef Freq);
      | ^~~~~~~~~~~~~~~~~
../Drivers/STM32L4xx_HAL_Driver/Inc/stm32l4xx_hal.h:699:1: error: unknown type name 'HAL_StatusTypeDef'
  699 | HAL_StatusTypeDef HAL_SYSCFG_EnableVREFBUF(void);
      | ^~~~~~~~~~~~~~~~~
In file included from ../Core/Src/VASensors.c:11:
../Core/Inc/VASensors.h:29:3: error: conflicting types for 'id_t'
   29 | } id_t;
      |   ^~~~
In file included from c:\st\stm32cubeide_1.10.1\stm32cubeide\plugins\com.st.stm32cube.ide.mcu.externaltools.gnu-tools-for-stm32.10.3-2021.10.win32_1.0.0.202111181127\tools\arm-none-eabi\include\time.h:28,
                 from ../Core/Inc/main.h:34,
                 from ../Core/Inc/VASensors.h:16,
                 from ../Core/Src/VASensors.c:11:
c:\st\stm32cubeide_1.10.1\stm32cubeide\plugins\com.st.stm32cube.ide.mcu.externaltools.gnu-tools-for-stm32.10.3-2021.10.win32_1.0.0.202111181127\tools\arm-none-eabi\include\sys\types.h:134:17: note: previous declaration of 'id_t' was here
  134 | typedef __id_t  id_t;  /* can hold a uid_t or pid_t */
      |                 ^~~~
../Core/Src/VASensors.c: In function 'start_va_sensors':
../Core/Src/VASensors.c:16:11: warning: variable 'vernier_values' set but not used [-Wunused-but-set-variable]
   16 |  uint32_t vernier_values[3];
      |           ^~~~~~~~~~~~~~
make: *** [Core/Src/subdir.mk:37: Core/Src/VASensors.o] Error 1
"make -j8 all" terminated with exit code 2. Build might be incomplete.
14:50:46 **** Incremental Build of configuration Debug for project EuropaOS ****
make -j8 all 
arm-none-eabi-gcc "../Core/Src/VASensors.c" -mcpu=cortex-m4 -std=gnu11 -g3 -DDEBUG -DUSE_HAL_DRIVER -DSTM32L4R5xx -c -I../Core/Inc -I../Drivers/STM32L4xx_HAL_Driver/Inc -I../Drivers/STM32L4xx_HAL_Driver/Inc/Legacy -I../Drivers/CMSIS/Device/ST/STM32L4xx/Include -I../Drivers/CMSIS/Include -O0 -ffunction-sections -fdata-sections -Wall -fstack-usage -MMD -MP -MF"Core/Src/VASensors.d" -MT"Core/Src/VASensors.o" --specs=nano.specs -mfpu=fpv4-sp-d16 -mfloat-abi=hard -mthumb -o "Core/Src/VASensors.o"
In file included from ../Core/Src/VASensors.c:11:
../Core/Inc/VASensors.h:28:3: error: conflicting types for 'id_t'
   28 | } id_t;
      |   ^~~~
In file included from c:\st\stm32cubeide_1.10.1\stm32cubeide\plugins\com.st.stm32cube.ide.mcu.externaltools.gnu-tools-for-stm32.10.3-2021.10.win32_1.0.0.202111181127\tools\arm-none-eabi\include\time.h:28,
                 from ../Core/Inc/main.h:34,
                 from ../Core/Inc/VASensors.h:15,
                 from ../Core/Src/VASensors.c:11:
c:\st\stm32cubeide_1.10.1\stm32cubeide\plugins\com.st.stm32cube.ide.mcu.externaltools.gnu-tools-for-stm32.10.3-2021.10.win32_1.0.0.202111181127\tools\arm-none-eabi\include\sys\types.h:134:17: note: previous declaration of 'id_t' was here
  134 | typedef __id_t  id_t;  /* can hold a uid_t or pid_t */
      |                 ^~~~
../Core/Src/VASensors.c: In function 'start_va_sensors':
../Core/Src/VASensors.c:16:11: warning: variable 'vernier_values' set but not used [-Wunused-but-set-variable]
   16 |  uint32_t vernier_values[3];
      |           ^~~~~~~~~~~~~~
make: *** [Core/Src/subdir.mk:37: Core/Src/VASensors.o] Error 1
"make -j8 all" terminated with exit code 2. Build might be incomplete.
14:51:03 **** Incremental Build of configuration Debug for project EuropaOS ****
make -j8 all 
arm-none-eabi-gcc "../Core/Src/VASensors.c" -mcpu=cortex-m4 -std=gnu11 -g3 -DDEBUG -DUSE_HAL_DRIVER -DSTM32L4R5xx -c -I../Core/Inc -I../Drivers/STM32L4xx_HAL_Driver/Inc -I../Drivers/STM32L4xx_HAL_Driver/Inc/Legacy -I../Drivers/CMSIS/Device/ST/STM32L4xx/Include -I../Drivers/CMSIS/Include -O0 -ffunction-sections -fdata-sections -Wall -fstack-usage -MMD -MP -MF"Core/Src/VASensors.d" -MT"Core/Src/VASensors.o" --specs=nano.specs -mfpu=fpv4-sp-d16 -mfloat-abi=hard -mthumb -o "Core/Src/VASensors.o"
In file included from ../Core/Src/VASensors.c:11:
../Core/Inc/VASensors.h:28:1: warning: useless storage class specifier in empty declaration
   28 | } ;
      | ^
../Core/Src/VASensors.c: In function 'start_va_sensors':
../Core/Src/VASensors.c:16:11: warning: variable 'vernier_values' set but not used [-Wunused-but-set-variable]
   16 |  uint32_t vernier_values[3];
      |           ^~~~~~~~~~~~~~
arm-none-eabi-gcc -o "EuropaOS.elf" @"objects.list"   -mcpu=cortex-m4 -T"C:\Users\liams\Documents\MSD\Code-Repo\MSD-EuropaExplore\EuropaOS\STM32L4R5ZITX_FLASH.ld" --specs=nosys.specs -Wl,-Map="EuropaOS.map" -Wl,--gc-sections -static --specs=nano.specs -mfpu=fpv4-sp-d16 -mfloat-abi=hard -mthumb -Wl,--start-group -lc -lm -Wl,--end-group
Finished building target: EuropaOS.elf
 
arm-none-eabi-size   EuropaOS.elf 
arm-none-eabi-objdump -h -S  EuropaOS.elf  > "EuropaOS.list"
   text	   data	    bss	    dec	    hex	filename
  20804	     20	   3252	  24076	   5e0c	EuropaOS.elf
Finished building: default.size.stdout
 
Finished building: EuropaOS.list
 
14:51:39 **** Incremental Build of configuration Debug for project EuropaOS ****
make -j8 all 
arm-none-eabi-gcc "../Core/Src/VASensors.c" -mcpu=cortex-m4 -std=gnu11 -g3 -DDEBUG -DUSE_HAL_DRIVER -DSTM32L4R5xx -c -I../Core/Inc -I../Drivers/STM32L4xx_HAL_Driver/Inc -I../Drivers/STM32L4xx_HAL_Driver/Inc/Legacy -I../Drivers/CMSIS/Device/ST/STM32L4xx/Include -I../Drivers/CMSIS/Include -O0 -ffunction-sections -fdata-sections -Wall -fstack-usage -MMD -MP -MF"Core/Src/VASensors.d" -MT"Core/Src/VASensors.o" --specs=nano.specs -mfpu=fpv4-sp-d16 -mfloat-abi=hard -mthumb -o "Core/Src/VASensors.o"
In file included from ../Core/Src/VASensors.c:11:
../Core/Inc/VASensors.h:28:3: error: conflicting types for 'id_t'
   28 | } id_t;
      |   ^~~~
In file included from c:\st\stm32cubeide_1.10.1\stm32cubeide\plugins\com.st.stm32cube.ide.mcu.externaltools.gnu-tools-for-stm32.10.3-2021.10.win32_1.0.0.202111181127\tools\arm-none-eabi\include\time.h:28,
                 from ../Core/Inc/main.h:34,
                 from ../Core/Inc/VASensors.h:15,
                 from ../Core/Src/VASensors.c:11:
c:\st\stm32cubeide_1.10.1\stm32cubeide\plugins\com.st.stm32cube.ide.mcu.externaltools.gnu-tools-for-stm32.10.3-2021.10.win32_1.0.0.202111181127\tools\arm-none-eabi\include\sys\types.h:134:17: note: previous declaration of 'id_t' was here
  134 | typedef __id_t  id_t;  /* can hold a uid_t or pid_t */
      |                 ^~~~
../Core/Src/VASensors.c: In function 'start_va_sensors':
../Core/Src/VASensors.c:16:11: warning: variable 'vernier_values' set but not used [-Wunused-but-set-variable]
   16 |  uint32_t vernier_values[3];
      |           ^~~~~~~~~~~~~~
make: *** [Core/Src/subdir.mk:37: Core/Src/VASensors.o] Error 1
"make -j8 all" terminated with exit code 2. Build might be incomplete.
14:51:46 **** Incremental Build of configuration Debug for project EuropaOS ****
make -j8 all 
arm-none-eabi-gcc "../Core/Src/VASensors.c" -mcpu=cortex-m4 -std=gnu11 -g3 -DDEBUG -DUSE_HAL_DRIVER -DSTM32L4R5xx -c -I../Core/Inc -I../Drivers/STM32L4xx_HAL_Driver/Inc -I../Drivers/STM32L4xx_HAL_Driver/Inc/Legacy -I../Drivers/CMSIS/Device/ST/STM32L4xx/Include -I../Drivers/CMSIS/Include -O0 -ffunction-sections -fdata-sections -Wall -fstack-usage -MMD -MP -MF"Core/Src/VASensors.d" -MT"Core/Src/VASensors.o" --specs=nano.specs -mfpu=fpv4-sp-d16 -mfloat-abi=hard -mthumb -o "Core/Src/VASensors.o"
In file included from ../Core/Src/VASensors.c:11:
../Core/Inc/VASensors.h:28:3: error: conflicting types for 'id_t'
   28 | } id_t;
      |   ^~~~
In file included from c:\st\stm32cubeide_1.10.1\stm32cubeide\plugins\com.st.stm32cube.ide.mcu.externaltools.gnu-tools-for-stm32.10.3-2021.10.win32_1.0.0.202111181127\tools\arm-none-eabi\include\time.h:28,
                 from ../Core/Inc/main.h:34,
                 from ../Core/Inc/VASensors.h:15,
                 from ../Core/Src/VASensors.c:11:
c:\st\stm32cubeide_1.10.1\stm32cubeide\plugins\com.st.stm32cube.ide.mcu.externaltools.gnu-tools-for-stm32.10.3-2021.10.win32_1.0.0.202111181127\tools\arm-none-eabi\include\sys\types.h:134:17: note: previous declaration of 'id_t' was here
  134 | typedef __id_t  id_t;  /* can hold a uid_t or pid_t */
      |                 ^~~~
../Core/Src/VASensors.c: In function 'start_va_sensors':
../Core/Src/VASensors.c:16:11: warning: variable 'vernier_values' set but not used [-Wunused-but-set-variable]
   16 |  uint32_t vernier_values[3];
      |           ^~~~~~~~~~~~~~
make: *** [Core/Src/subdir.mk:37: Core/Src/VASensors.o] Error 1
"make -j8 all" terminated with exit code 2. Build might be incomplete.
14:52:49 **** Incremental Build of configuration Debug for project EuropaOS ****
make -j8 all 
arm-none-eabi-gcc "../Core/Src/VASensors.c" -mcpu=cortex-m4 -std=gnu11 -g3 -DDEBUG -DUSE_HAL_DRIVER -DSTM32L4R5xx -c -I../Core/Inc -I../Drivers/STM32L4xx_HAL_Driver/Inc -I../Drivers/STM32L4xx_HAL_Driver/Inc/Legacy -I../Drivers/CMSIS/Device/ST/STM32L4xx/Include -I../Drivers/CMSIS/Include -O0 -ffunction-sections -fdata-sections -Wall -fstack-usage -MMD -MP -MF"Core/Src/VASensors.d" -MT"Core/Src/VASensors.o" --specs=nano.specs -mfpu=fpv4-sp-d16 -mfloat-abi=hard -mthumb -o "Core/Src/VASensors.o"
In file included from ../Core/Src/VASensors.c:11:
../Core/Inc/VASensors.h:28:1: warning: useless storage class specifier in empty declaration
   28 | };
      | ^
../Core/Src/VASensors.c: In function 'start_va_sensors':
../Core/Src/VASensors.c:16:11: warning: variable 'vernier_values' set but not used [-Wunused-but-set-variable]
   16 |  uint32_t vernier_values[3];
      |           ^~~~~~~~~~~~~~
arm-none-eabi-gcc -o "EuropaOS.elf" @"objects.list"   -mcpu=cortex-m4 -T"C:\Users\liams\Documents\MSD\Code-Repo\MSD-EuropaExplore\EuropaOS\STM32L4R5ZITX_FLASH.ld" --specs=nosys.specs -Wl,-Map="EuropaOS.map" -Wl,--gc-sections -static --specs=nano.specs -mfpu=fpv4-sp-d16 -mfloat-abi=hard -mthumb -Wl,--start-group -lc -lm -Wl,--end-group
Finished building target: EuropaOS.elf
 
arm-none-eabi-size   EuropaOS.elf 
arm-none-eabi-objdump -h -S  EuropaOS.elf  > "EuropaOS.list"
   text	   data	    bss	    dec	    hex	filename
  20804	     20	   3252	  24076	   5e0c	EuropaOS.elf
Finished building: default.size.stdout
 
Finished building: EuropaOS.list
 
